Archive member included to satisfy reference by file (symbol)

C:\Users\cmg-8\Documents\LPCXpresso_8.2.0_647\workspace-TP3\lpc_board_nxp_lpcxpresso_4337\Debug\liblpc_board_nxp_lpcxpresso_4337.a(board.o)
                              ./freertos/src/FreeRTOSCommonHooks.o (Board_UARTPutSTR)
C:\Users\cmg-8\Documents\LPCXpresso_8.2.0_647\workspace-TP3\lpc_board_nxp_lpcxpresso_4337\Debug\liblpc_board_nxp_lpcxpresso_4337.a(board_sysinit.o)
                              ./example/src/sysinit.o (Board_SystemInit)
C:\Users\cmg-8\Documents\LPCXpresso_8.2.0_647\workspace-TP3\lpc_board_nxp_lpcxpresso_4337\Debug\liblpc_board_nxp_lpcxpresso_4337.a(wm8904.o)
                              C:\Users\cmg-8\Documents\LPCXpresso_8.2.0_647\workspace-TP3\lpc_board_nxp_lpcxpresso_4337\Debug\liblpc_board_nxp_lpcxpresso_4337.a(board.o) (WM8904_Init)
C:\Users\cmg-8\Documents\LPCXpresso_8.2.0_647\workspace-TP3\lpc_chip_43xx\Debug\liblpc_chip_43xx.a(chip_18xx_43xx.o)
                              ./freertos/src/port.o (SystemCoreClock)
C:\Users\cmg-8\Documents\LPCXpresso_8.2.0_647\workspace-TP3\lpc_chip_43xx\Debug\liblpc_chip_43xx.a(clock_18xx_43xx.o)
                              C:\Users\cmg-8\Documents\LPCXpresso_8.2.0_647\workspace-TP3\lpc_chip_43xx\Debug\liblpc_chip_43xx.a(chip_18xx_43xx.o) (Chip_Clock_GetClockInputHz)
C:\Users\cmg-8\Documents\LPCXpresso_8.2.0_647\workspace-TP3\lpc_chip_43xx\Debug\liblpc_chip_43xx.a(fpu_init.o)
                              ./example/src/sysinit.o (fpuInit)
C:\Users\cmg-8\Documents\LPCXpresso_8.2.0_647\workspace-TP3\lpc_chip_43xx\Debug\liblpc_chip_43xx.a(gpio_18xx_43xx.o)
                              C:\Users\cmg-8\Documents\LPCXpresso_8.2.0_647\workspace-TP3\lpc_board_nxp_lpcxpresso_4337\Debug\liblpc_board_nxp_lpcxpresso_4337.a(board.o) (Chip_GPIO_Init)
C:\Users\cmg-8\Documents\LPCXpresso_8.2.0_647\workspace-TP3\lpc_chip_43xx\Debug\liblpc_chip_43xx.a(i2c_18xx_43xx.o)
                              C:\Users\cmg-8\Documents\LPCXpresso_8.2.0_647\workspace-TP3\lpc_board_nxp_lpcxpresso_4337\Debug\liblpc_board_nxp_lpcxpresso_4337.a(wm8904.o) (Chip_I2C_EventHandlerPolling)
C:\Users\cmg-8\Documents\LPCXpresso_8.2.0_647\workspace-TP3\lpc_chip_43xx\Debug\liblpc_chip_43xx.a(ssp_18xx_43xx.o)
                              C:\Users\cmg-8\Documents\LPCXpresso_8.2.0_647\workspace-TP3\lpc_board_nxp_lpcxpresso_4337\Debug\liblpc_board_nxp_lpcxpresso_4337.a(board.o) (Chip_SSP_WriteFrames_Blocking)
C:\Users\cmg-8\Documents\LPCXpresso_8.2.0_647\workspace-TP3\lpc_chip_43xx\Debug\liblpc_chip_43xx.a(sysinit_18xx_43xx.o)
                              C:\Users\cmg-8\Documents\LPCXpresso_8.2.0_647\workspace-TP3\lpc_board_nxp_lpcxpresso_4337\Debug\liblpc_board_nxp_lpcxpresso_4337.a(board_sysinit.o) (Chip_SetupCoreClock)
C:\Users\cmg-8\Documents\LPCXpresso_8.2.0_647\workspace-TP3\lpc_chip_43xx\Debug\liblpc_chip_43xx.a(uart_18xx_43xx.o)
                              C:\Users\cmg-8\Documents\LPCXpresso_8.2.0_647\workspace-TP3\lpc_board_nxp_lpcxpresso_4337\Debug\liblpc_board_nxp_lpcxpresso_4337.a(board.o) (Chip_UART_Init)
C:\Users\cmg-8\Documents\LPCXpresso_8.2.0_647\workspace-TP3\lpc_chip_43xx\Debug\liblpc_chip_43xx.a(ring_buffer.o)
                              C:\Users\cmg-8\Documents\LPCXpresso_8.2.0_647\workspace-TP3\lpc_chip_43xx\Debug\liblpc_chip_43xx.a(uart_18xx_43xx.o) (RingBuffer_Insert)
c:/nxp/lpcxpresso_8.2.0_647/lpcxpresso/tools/bin/../lib/gcc/arm-none-eabi/5.3.1/../../../../arm-none-eabi/lib/armv7e-m/softfp\libcr_nohost.a(_cr__main.o)
                              ./example/src/cr_startup_lpc43xx.o (__main)
c:/nxp/lpcxpresso_8.2.0_647/lpcxpresso/tools/bin/../lib/gcc/arm-none-eabi/5.3.1/../../../../arm-none-eabi/lib/armv7e-m/softfp\libcr_c.a(memcpy.o)
                              ./freertos/src/queue.o (memcpy)
c:/nxp/lpcxpresso_8.2.0_647/lpcxpresso/tools/bin/../lib/gcc/arm-none-eabi/5.3.1/../../../../arm-none-eabi/lib/armv7e-m/softfp\libcr_c.a(memset.o)
                              ./freertos/src/tasks.o (memset)
c:/nxp/lpcxpresso_8.2.0_647/lpcxpresso/tools/bin/../lib/gcc/arm-none-eabi/5.3.1/../../../../arm-none-eabi/lib/armv7e-m/softfp\libcr_c.a(alloc.o)
                              ./freertos/src/heap_3.o (malloc)
c:/nxp/lpcxpresso_8.2.0_647/lpcxpresso/tools/bin/../lib/gcc/arm-none-eabi/5.3.1/../../../../arm-none-eabi/lib/armv7e-m/softfp\libcr_c.a(fpprintf.o)
                              ./freertos/src/FreeRTOSCommonHooks.o (printf)
c:/nxp/lpcxpresso_8.2.0_647/lpcxpresso/tools/bin/../lib/gcc/arm-none-eabi/5.3.1/../../../../arm-none-eabi/lib/armv7e-m/softfp\libcr_c.a(initio.o)
                              c:/nxp/lpcxpresso_8.2.0_647/lpcxpresso/tools/bin/../lib/gcc/arm-none-eabi/5.3.1/../../../../arm-none-eabi/lib/armv7e-m/softfp\libcr_nohost.a(_cr__main.o) (_initio)
c:/nxp/lpcxpresso_8.2.0_647/lpcxpresso/tools/bin/../lib/gcc/arm-none-eabi/5.3.1/../../../../arm-none-eabi/lib/armv7e-m/softfp\libcr_c.a(printf.o)
[...]
Memory Configuration

Name             Origin             Length             Attributes
MFlashA512       0x1a000000         0x00080000         xr
MFlashB512       0x1b000000         0x00080000         xr
RamLoc32         0x10000000         0x00008000         xrw
RamLoc40         0x10080000         0x0000a000         xrw
RamAHB32         0x20000000         0x00008000         xrw
RamAHB16         0x20008000         0x00004000         xrw
RamAHB_ETB16     0x2000c000         0x00004000         xrw
*default*        0x00000000         0xffffffff

Linker script and memory map

LOAD ./freertos/src/FreeRTOSCommonHooks.o
LOAD ./freertos/src/croutine.o
LOAD ./freertos/src/event_groups.o
LOAD ./freertos/src/heap_3.o
LOAD ./freertos/src/list.o
LOAD ./freertos/src/port.o
LOAD ./freertos/src/queue.o
LOAD ./freertos/src/redlib_memfix.o
LOAD ./freertos/src/tasks.o
LOAD ./freertos/src/timers.o
LOAD ./example/src/cr_startup_lpc43xx.o
LOAD ./example/src/freertos_examples_10_to_16.o
LOAD ./example/src/sysinit.o
LOAD C:\Users\cmg-8\Documents\LPCXpresso_8.2.0_647\workspace-TP3\lpc_board_nxp_lpcxpresso_4337\Debug\liblpc_board_nxp_lpcxpresso_4337.a
LOAD C:\Users\cmg-8\Documents\LPCXpresso_8.2.0_647\workspace-TP3\lpc_chip_43xx\Debug\liblpc_chip_43xx.a
START GROUP
LOAD c:/nxp/lpcxpresso_8.2.0_647/lpcxpresso/tools/bin/../lib/gcc/arm-none-eabi/5.3.1/../../../../arm-none-eabi/lib/armv7e-m/softfp\libcr_nohost.a
LOAD c:/nxp/lpcxpresso_8.2.0_647/lpcxpresso/tools/bin/../lib/gcc/arm-none-eabi/5.3.1/../../../../arm-none-eabi/lib/armv7e-m/softfp\libcr_c.a
LOAD c:/nxp/lpcxpresso_8.2.0_647/lpcxpresso/tools/bin/../lib/gcc/arm-none-eabi/5.3.1/armv7e-m/softfp\libcr_eabihelpers.a
END GROUP
                0x1a000000                __base_MFlashA512 = 0x1a000000
                0x1a000000                __base_Flash = 0x1a000000
                0x1a080000                __top_MFlashA512 = 0x1a080000
                0x1a080000                __top_Flash = 0x1a080000
                0x1b000000                __base_MFlashB512 = 0x1b000000
                0x1b000000                __base_Flash2 = 0x1b000000
                0x1b080000                __top_MFlashB512 = 0x1b080000
                0x1b080000                __top_Flash2 = 0x1b080000
                0x10000000                __base_RamLoc32 = 0x10000000
                0x10000000                __base_RAM = 0x10000000
                0x10008000                __top_RamLoc32 = 0x10008000
                0x10008000                __top_RAM = 0x10008000
                0x10080000                __base_RamLoc40 = 0x10080000
                0x10080000                __base_RAM2 = 0x10080000
                0x1008a000                __top_RamLoc40 = 0x1008a000
                0x1008a000                __top_RAM2 = 0x1008a000
                0x20000000                __base_RamAHB32 = 0x20000000
                0x20000000                __base_RAM3 = 0x20000000
                0x20008000                __top_RamAHB32 = 0x20008000
                0x20008000                __top_RAM3 = 0x20008000
                0x20008000                __base_RamAHB16 = 0x20008000
                0x20008000                __base_RAM4 = 0x20008000
                0x2000c000                __top_RamAHB16 = 0x2000c000
                0x2000c000                __top_RAM4 = 0x2000c000
                0x2000c000                __base_RamAHB_ETB16 = 0x2000c000
                0x2000c000                __base_RAM5 = 0x2000c000
                0x20010000                __top_RamAHB_ETB16 = 0x20010000
                0x20010000                __top_RAM5 = 0x20010000

.text_Flash2    0x1b000000        0x0
 FILL mask 0xff
 *(.text_Flash2*)
 *(.text_MFlashB512*)
 *(.text.$Flash2*)
 *(.text.$MFlashB512*)
 *(.rodata.$Flash2*)
 *(.rodata.$MFlashB512*)

.text           0x1a000000     0x5ea0
 FILL mask 0xff
                0x1a000000                __vectors_start__ = ABSOLUTE (.)
 *(.isr_vector)
 .isr_vector    0x1a000000      0x114 ./example/src/cr_startup_lpc43xx.o
                0x1a000000                g_pfnVectors
                0x1a000114                . = ALIGN (0x4)
                0x1a000114                __section_table_start = .
                0x1a000114                __data_section_table = .
                0x1a000114        0x4 LONG 0x1a005ea0 LOADADDR (.data)
                0x1a000118        0x4 LONG 0x10000000 ADDR (.data)
                0x1a00011c        0x4 LONG 0x10 SIZEOF (.data)
                0x1a000120        0x4 LONG 0x1a005ea0 LOADADDR (.data_RAM2)
                0x1a000124        0x4 LONG 0x10080000 ADDR (.data_RAM2)
                0x1a000128        0x4 LONG 0x0 SIZEOF (.data_RAM2)
                0x1a00012c        0x4 LONG 0x1a005ea0 LOADADDR (.data_RAM3)
                0x1a000130        0x4 LONG 0x20000000 ADDR (.data_RAM3)
                0x1a000134        0x4 LONG 0x0 SIZEOF (.data_RAM3)
                0x1a000138        0x4 LONG 0x1a005ea0 LOADADDR (.data_RAM4)
                0x1a00013c        0x4 LONG 0x20008000 ADDR (.data_RAM4)
                0x1a000140        0x4 LONG 0x0 SIZEOF (.data_RAM4)
                0x1a000144        0x4 LONG 0x1a005ea0 LOADADDR (.data_RAM5)
                0x1a000148        0x4 LONG 0x2000c000 ADDR (.data_RAM5)
                0x1a00014c        0x4 LONG 0x0 SIZEOF (.data_RAM5)
                0x1a000150                __data_section_table_end = .
                0x1a000150                __bss_section_table = .
                0x1a000150        0x4 LONG 0x10000010 ADDR (.bss)
                0x1a000154        0x4 LONG 0x2a8 SIZEOF (.bss)
                0x1a000158        0x4 LONG 0x10080000 ADDR (.bss_RAM2)
                0x1a00015c        0x4 LONG 0x0 SIZEOF (.bss_RAM2)
                0x1a000160        0x4 LONG 0x20000000 ADDR (.bss_RAM3)
                0x1a000164        0x4 LONG 0x0 SIZEOF (.bss_RAM3)
                0x1a000168        0x4 LONG 0x20008000 ADDR (.bss_RAM4)
                0x1a00016c        0x4 LONG 0x0 SIZEOF (.bss_RAM4)
                0x1a000170        0x4 LONG 0x2000c000 ADDR (.bss_RAM5)
                0x1a000174        0x4 LONG 0x0 SIZEOF (.bss_RAM5)
                0x1a000178                __bss_section_table_end = .
                0x1a000178                __section_table_end = .
 *(.after_vectors*)
 .after_vectors
                0x1a000178       0xcc ./example/src/cr_startup_lpc43xx.o
                0x1a000178                data_init
                0x1a0001bc                bss_init
                0x1a0001f4                NMI_Handler
                0x1a0001fc                HardFault_Handler
                0x1a000204                MemManage_Handler
                0x1a00020c                BusFault_Handler
                0x1a000214                UsageFault_Handler
                0x1a000224                DebugMon_Handler
                0x1a00023c                ATIMER_IRQHandler
                0x1a00023c                FLASH_EEPROM_IRQHandler
                0x1a00023c                I2C1_IRQHandler
                0x1a00023c                UART1_IRQHandler
                0x1a00023c                GPIO5_IRQHandler
                0x1a00023c                CAN1_IRQHandler
                0x1a00023c                SDIO_IRQHandler
                0x1a00023c                I2S0_IRQHandler
                0x1a00023c                TIMER3_IRQHandler
                0x1a00023c                UART0_IRQHandler
                0x1a00023c                ADCHS_IRQHandler
                0x1a00023c                SGPIO_IRQHandler
                0x1a00023c                RIT_IRQHandler
                0x1a00023c                USB1_IRQHandler
                0x1a00023c                GPIO6_IRQHandler
                0x1a00023c                IntDefaultHandler
                0x1a00023c                GPIO1_IRQHandler
                0x1a00023c                SSP0_IRQHandler
                0x1a00023c                ADC1_IRQHandler
                0x1a00023c                RTC_IRQHandler
                0x1a00023c                TIMER0_IRQHandler
                0x1a00023c                SPI_IRQHandler
                0x1a00023c                LCD_IRQHandler
                0x1a00023c                I2C0_IRQHandler
                0x1a00023c                TIMER1_IRQHandler
                0x1a00023c                UART2_IRQHandler
                0x1a00023c                GPIO2_IRQHandler
                0x1a00023c                I2S1_IRQHandler
                0x1a00023c                SSP1_IRQHandler
                0x1a00023c                USB0_IRQHandler
                0x1a00023c                GPIO3_IRQHandler
                0x1a00023c                SCT_IRQHandler
                0x1a00023c                ADC0_IRQHandler
                0x1a00023c                WDT_IRQHandler
                0x1a00023c                GPIO7_IRQHandler
                0x1a00023c                SPIFI_IRQHandler
                0x1a00023c                QEI_IRQHandler
                0x1a00023c                ETH_IRQHandler
                0x1a00023c                CAN0_IRQHandler
                0x1a00023c                GINT0_IRQHandler
                0x1a00023c                M0SUB_IRQHandler
                0x1a00023c                GPIO0_IRQHandler
                0x1a00023c                DMA_IRQHandler
                0x1a00023c                EVRT_IRQHandler
                0x1a00023c                TIMER2_IRQHandler
                0x1a00023c                UART3_IRQHandler
                0x1a00023c                MCPWM_IRQHandler
                0x1a00023c                M0APP_IRQHandler
                0x1a00023c                GINT1_IRQHandler
                0x1a00023c                GPIO4_IRQHandler
 *(.text*)
 .text.vApplicationIdleHook
                0x1a000244       0x10 ./freertos/src/FreeRTOSCommonHooks.o
                0x1a000244                vApplicationIdleHook
 .text.pvPortMalloc
                0x1a000254       0x24 ./freertos/src/heap_3.o
                0x1a000254                pvPortMalloc
 .text.vPortFree
                0x1a000278       0x24 ./freertos/src/heap_3.o
                0x1a000278                vPortFree
 .text.vListInitialise
                0x1a00029c       0x40 ./freertos/src/list.o
                0x1a00029c                vListInitialise
 .text.vListInitialiseItem
                0x1a0002dc       0x1c ./freertos/src/list.o
                0x1a0002dc                vListInitialiseItem
 .text.vListInsertEnd
                0x1a0002f8       0x48 ./freertos/src/list.o
                0x1a0002f8                vListInsertEnd
 .text.vListInsert
                0x1a000340       0x74 ./freertos/src/list.o
                0x1a000340                vListInsert
 .text.uxListRemove
                0x1a0003b4       0x54 ./freertos/src/list.o
                0x1a0003b4                uxListRemove
 .text.pxPortInitialiseStack
                0x1a000408       0x64 ./freertos/src/port.o
                0x1a000408                pxPortInitialiseStack
 .text.prvTaskExitError
                0x1a00046c        0xc ./freertos/src/port.o
 .text.SVC_Handler
                0x1a000478       0x24 ./freertos/src/port.o
                0x1a000478                SVC_Handler
 .text.prvPortStartFirstTask
                0x1a00049c       0x20 ./freertos/src/port.o
 .text.xPortStartScheduler
                0x1a0004bc       0x50 ./freertos/src/port.o
                0x1a0004bc                xPortStartScheduler
 .text.vPortYield
                0x1a00050c       0x24 ./freertos/src/port.o
                0x1a00050c                vPortYield
 .text.vPortEnterCritical
                0x1a000530       0x24 ./freertos/src/port.o
                0x1a000530                vPortEnterCritical
 .text.vPortExitCritical
                0x1a000554       0x24 ./freertos/src/port.o
                0x1a000554                vPortExitCritical
 .text.ulPortSetInterruptMask
                0x1a000578       0x14 ./freertos/src/port.o
                0x1a000578                ulPortSetInterruptMask
 .text.vPortClearInterruptMask
                0x1a00058c        0x8 ./freertos/src/port.o
                0x1a00058c                vPortClearInterruptMask
 .text.PendSV_Handler
                0x1a000594       0x5c ./freertos/src/port.o
                0x1a000594                PendSV_Handler
 .text.SysTick_Handler
                0x1a0005f0       0x28 ./freertos/src/port.o
                0x1a0005f0                SysTick_Handler
 .text.vPortSuppressTicksAndSleep
                0x1a000618      0x17c ./freertos/src/port.o
                0x1a000618                vPortSuppressTicksAndSleep
 .text.vPortSetupTimerInterrupt
                0x1a000794       0x64 ./freertos/src/port.o
                0x1a000794                vPortSetupTimerInterrupt
 .text.vPortEnableVFP
                0x1a0007f8       0x14 ./freertos/src/port.o
 .text.xQueueGenericReset
                0x1a00080c       0xa4 ./freertos/src/queue.o
                0x1a00080c                xQueueGenericReset
 .text.xQueueGenericCreate
                0x1a0008b0       0x78 ./freertos/src/queue.o
                0x1a0008b0                xQueueGenericCreate
 .text.xQueueGenericSend
                0x1a000928      0x110 ./freertos/src/queue.o
                0x1a000928                xQueueGenericSend
 .text.xQueueGenericSendFromISR
                0x1a000a38       0x88 ./freertos/src/queue.o
                0x1a000a38                xQueueGenericSendFromISR
 .text.xQueueGenericReceive
                0x1a000ac0      0x16c ./freertos/src/queue.o
                0x1a000ac0                xQueueGenericReceive
 .text.prvCopyDataToQueue
                0x1a000c2c       0xd0 ./freertos/src/queue.o
 .text.prvCopyDataFromQueue
                0x1a000cfc       0x4c ./freertos/src/queue.o
 .text.prvUnlockQueue
                0x1a000d48       0x98 ./freertos/src/queue.o
 .text.prvIsQueueEmpty
                0x1a000de0       0x2c ./freertos/src/queue.o
 .text.prvIsQueueFull
                0x1a000e0c       0x30 ./freertos/src/queue.o
 .text.__check_heap_overflow
                0x1a000e3c       0x30 ./freertos/src/redlib_memfix.o
                0x1a000e3c                __check_heap_overflow
 .text.xTaskGenericCreate
                0x1a000e6c      0x140 ./freertos/src/tasks.o
                0x1a000e6c                xTaskGenericCreate
 .text.vTaskDelayUntil
                0x1a000fac       0x98 ./freertos/src/tasks.o
                0x1a000fac                vTaskDelayUntil
 .text.vTaskStartScheduler
                0x1a001044       0x58 ./freertos/src/tasks.o
                0x1a001044                vTaskStartScheduler
 .text.vTaskSuspendAll
                0x1a00109c       0x1c ./freertos/src/tasks.o
                0x1a00109c                vTaskSuspendAll
 .text.prvGetExpectedIdleTime
                0x1a0010b8       0x50 ./freertos/src/tasks.o
 .text.xTaskResumeAll
                0x1a001108       0xfc ./freertos/src/tasks.o
                0x1a001108                xTaskResumeAll
 .text.xTaskGetTickCount
                0x1a001204       0x24 ./freertos/src/tasks.o
                0x1a001204                xTaskGetTickCount
 .text.vTaskStepTick
                0x1a001228       0x24 ./freertos/src/tasks.o
                0x1a001228                vTaskStepTick
 .text.xTaskIncrementTick
                0x1a00124c      0x15c ./freertos/src/tasks.o
                0x1a00124c                xTaskIncrementTick
 .text.vTaskSwitchContext
                0x1a0013a8       0x9c ./freertos/src/tasks.o
                0x1a0013a8                vTaskSwitchContext
 .text.vTaskPlaceOnEventList
                0x1a001444       0x60 ./freertos/src/tasks.o
                0x1a001444                vTaskPlaceOnEventList
 .text.xTaskRemoveFromEventList
                0x1a0014a4       0xac ./freertos/src/tasks.o
                0x1a0014a4                xTaskRemoveFromEventList
 .text.vTaskSetTimeOutState
                0x1a001550       0x2c ./freertos/src/tasks.o
                0x1a001550                vTaskSetTimeOutState
 .text.xTaskCheckForTimeOut
                0x1a00157c       0x88 ./freertos/src/tasks.o
                0x1a00157c                xTaskCheckForTimeOut
 .text.vTaskMissedYield
                0x1a001604       0x18 ./freertos/src/tasks.o
                0x1a001604                vTaskMissedYield
 .text.prvIdleTask
                0x1a00161c       0x48 ./freertos/src/tasks.o
 .text.eTaskConfirmSleepModeStatus
                0x1a001664       0x5c ./freertos/src/tasks.o
                0x1a001664                eTaskConfirmSleepModeStatus
 .text.prvInitialiseTCBVariables
                0x1a0016c0       0x94 ./freertos/src/tasks.o
 .text.prvInitialiseTaskLists
                0x1a001754       0x80 ./freertos/src/tasks.o
 .text.prvCheckTasksWaitingTermination
                0x1a0017d4       0x78 ./freertos/src/tasks.o
 .text.prvAddCurrentTaskToDelayedList
                0x1a00184c       0x6c ./freertos/src/tasks.o
 .text.prvAllocateTCBAndStack
                0x1a0018b8       0x64 ./freertos/src/tasks.o
 .text.prvDeleteTCB
                0x1a00191c       0x20 ./freertos/src/tasks.o
 .text.prvResetNextTaskUnblockTime
                0x1a00193c       0x4c ./freertos/src/tasks.o
 .text.xTaskGetCurrentTaskHandle
                0x1a001988       0x20 ./freertos/src/tasks.o
                0x1a001988                xTaskGetCurrentTaskHandle
 .text.vTaskPriorityInherit
                0x1a0019a8       0xbc ./freertos/src/tasks.o
                0x1a0019a8                vTaskPriorityInherit
 .text.vTaskPriorityDisinherit
                0x1a001a64       0x84 ./freertos/src/tasks.o
                0x1a001a64                vTaskPriorityDisinherit
 .text.ResetISR
                0x1a001ae8       0xc4 ./example/src/cr_startup_lpc43xx.o
                0x1a001ae8                ResetISR
 .text.NVIC_EnableIRQ
                0x1a001bac       0x34 ./example/src/freertos_examples_10_to_16.o
 .text.NVIC_SetPendingIRQ
                0x1a001be0       0x34 ./example/src/freertos_examples_10_to_16.o
 .text.NVIC_ClearPendingIRQ
                0x1a001c14       0x34 ./example/src/freertos_examples_10_to_16.o
 .text.NVIC_SetPriority
                0x1a001c48       0x54 ./example/src/freertos_examples_10_to_16.o
 .text.prvSetupHardware
                0x1a001c9c       0x18 ./example/src/freertos_examples_10_to_16.o
 .text.vTAREA3  0x1a001cb4       0x48 ./example/src/freertos_examples_10_to_16.o
 .text.vTAREA2  0x1a001cfc       0x64 ./example/src/freertos_examples_10_to_16.o
 .text.vTAREA1  0x1a001d60       0x30 ./example/src/freertos_examples_10_to_16.o
 .text.prvSetupSoftwareInterrupt
                0x1a001d90       0x18 ./example/src/freertos_examples_10_to_16.o
 .text.DAC_IRQHandler
                0x1a001da8       0x64 ./example/src/freertos_examples_10_to_16.o
                0x1a001da8                DAC_IRQHandler
 .text.main     0x1a001e0c       0xfc ./example/src/freertos_examples_10_to_16.o
                0x1a001e0c                main
 .text.SystemInit
                0x1a001f08       0x28 ./example/src/sysinit.o
                0x1a001f08                SystemInit
 .text.Chip_SCU_PinMuxSet
                0x1a001f30       0x34 C:\Users\cmg-8\Documents\LPCXpresso_8.2.0_647\workspace-TP3\lpc_board_nxp_lpcxpresso_4337\Debug\liblpc_board_nxp_lpcxpresso_4337.a(board.o)
 .text.Chip_ENET_RMIIEnable
                0x1a001f64       0x28 C:\Users\cmg-8\Documents\LPCXpresso_8.2.0_647\workspace-TP3\lpc_board_nxp_lpcxpresso_4337\Debug\liblpc_board_nxp_lpcxpresso_4337.a(board.o)
 .text.Chip_GPIO_SetPinState
                0x1a001f8c       0x38 C:\Users\cmg-8\Documents\LPCXpresso_8.2.0_647\workspace-TP3\lpc_board_nxp_lpcxpresso_4337\Debug\liblpc_board_nxp_lpcxpresso_4337.a(board.o)
 .text.Chip_GPIO_SetPinDIROutput
                0x1a001fc4       0x40 C:\Users\cmg-8\Documents\LPCXpresso_8.2.0_647\workspace-TP3\lpc_board_nxp_lpcxpresso_4337\Debug\liblpc_board_nxp_lpcxpresso_4337.a(board.o)
 .text.Chip_GPIO_SetPinDIRInput
                0x1a002004       0x40 C:\Users\cmg-8\Documents\LPCXpresso_8.2.0_647\workspace-TP3\lpc_board_nxp_lpcxpresso_4337\Debug\liblpc_board_nxp_lpcxpresso_4337.a(board.o)
 .text.Chip_UART_TXEnable
                0x1a002044       0x1c C:\Users\cmg-8\Documents\LPCXpresso_8.2.0_647\workspace-TP3\lpc_board_nxp_lpcxpresso_4337\Debug\liblpc_board_nxp_lpcxpresso_4337.a(board.o)
 .text.Chip_UART_SendByte
                0x1a002060       0x20 C:\Users\cmg-8\Documents\LPCXpresso_8.2.0_647\workspace-TP3\lpc_board_nxp_lpcxpresso_4337\Debug\liblpc_board_nxp_lpcxpresso_4337.a(board.o)
 .text.Chip_UART_ConfigData
                0x1a002080       0x1c C:\Users\cmg-8\Documents\LPCXpresso_8.2.0_647\workspace-TP3\lpc_board_nxp_lpcxpresso_4337\Debug\liblpc_board_nxp_lpcxpresso_4337.a(board.o)
 .text.Chip_UART_ReadLineStatus
                0x1a00209c       0x18 C:\Users\cmg-8\Documents\LPCXpresso_8.2.0_647\workspace-TP3\lpc_board_nxp_lpcxpresso_4337\Debug\liblpc_board_nxp_lpcxpresso_4337.a(board.o)
 .text.__sys_write
                0x1a0020b4       0x38 C:\Users\cmg-8\Documents\LPCXpresso_8.2.0_647\workspace-TP3\lpc_board_nxp_lpcxpresso_4337\Debug\liblpc_board_nxp_lpcxpresso_4337.a(board.o)
                0x1a0020b4                __sys_write
 .text.Board_UART_Init
                0x1a0020ec       0x24 C:\Users\cmg-8\Documents\LPCXpresso_8.2.0_647\workspace-TP3\lpc_board_nxp_lpcxpresso_4337\Debug\liblpc_board_nxp_lpcxpresso_4337.a(board.o)
                0x1a0020ec                Board_UART_Init
 .text.Board_Debug_Init
                0x1a002110       0x30 C:\Users\cmg-8\Documents\LPCXpresso_8.2.0_647\workspace-TP3\lpc_board_nxp_lpcxpresso_4337\Debug\liblpc_board_nxp_lpcxpresso_4337.a(board.o)
                0x1a002110                Board_Debug_Init
 .text.Board_UARTPutChar
                0x1a002140       0x34 C:\Users\cmg-8\Documents\LPCXpresso_8.2.0_647\workspace-TP3\lpc_board_nxp_lpcxpresso_4337\Debug\liblpc_board_nxp_lpcxpresso_4337.a(board.o)
                0x1a002140                Board_UARTPutChar
 .text.Board_LED_Init
                0x1a002174       0x5c C:\Users\cmg-8\Documents\LPCXpresso_8.2.0_647\workspace-TP3\lpc_board_nxp_lpcxpresso_4337\Debug\liblpc_board_nxp_lpcxpresso_4337.a(board.o)
 .text.Board_LED_Set
                0x1a0021d0       0x48 C:\Users\cmg-8\Documents\LPCXpresso_8.2.0_647\workspace-TP3\lpc_board_nxp_lpcxpresso_4337\Debug\liblpc_board_nxp_lpcxpresso_4337.a(board.o)
                0x1a0021d0                Board_LED_Set
 .text.Board_Buttons_Init
                0x1a002218       0x44 C:\Users\cmg-8\Documents\LPCXpresso_8.2.0_647\workspace-TP3\lpc_board_nxp_lpcxpresso_4337\Debug\liblpc_board_nxp_lpcxpresso_4337.a(board.o)
                0x1a002218                Board_Buttons_Init
 .text.Board_Init
                0x1a00225c       0x28 C:\Users\cmg-8\Documents\LPCXpresso_8.2.0_647\workspace-TP3\lpc_board_nxp_lpcxpresso_4337\Debug\liblpc_board_nxp_lpcxpresso_4337.a(board.o)
                0x1a00225c                Board_Init
 .text.Chip_SCU_PinMuxSet
                0x1a002284       0x34 C:\Users\cmg-8\Documents\LPCXpresso_8.2.0_647\workspace-TP3\lpc_board_nxp_lpcxpresso_4337\Debug\liblpc_board_nxp_lpcxpresso_4337.a(board_sysinit.o)
 .text.Chip_SCU_SetPinMuxing
                0x1a0022b8       0x4c C:\Users\cmg-8\Documents\LPCXpresso_8.2.0_647\workspace-TP3\lpc_board_nxp_lpcxpresso_4337\Debug\liblpc_board_nxp_lpcxpresso_4337.a(board_sysinit.o)
 .text.Chip_CREG_SetFlashAcceleration
                0x1a002304       0x54 C:\Users\cmg-8\Documents\LPCXpresso_8.2.0_647\workspace-TP3\lpc_board_nxp_lpcxpresso_4337\Debug\liblpc_board_nxp_lpcxpresso_4337.a(board_sysinit.o)
 .text.Board_SetupMuxing
                0x1a002358       0x14 C:\Users\cmg-8\Documents\LPCXpresso_8.2.0_647\workspace-TP3\lpc_board_nxp_lpcxpresso_4337\Debug\liblpc_board_nxp_lpcxpresso_4337.a(board_sysinit.o)
                0x1a002358                Board_SetupMuxing
 .text.Board_SetupClocking
                0x1a00236c       0x84 C:\Users\cmg-8\Documents\LPCXpresso_8.2.0_647\workspace-TP3\lpc_board_nxp_lpcxpresso_4337\Debug\liblpc_board_nxp_lpcxpresso_4337.a(board_sysinit.o)
                0x1a00236c                Board_SetupClocking
 .text.Board_SystemInit
                0x1a0023f0       0x10 C:\Users\cmg-8\Documents\LPCXpresso_8.2.0_647\workspace-TP3\lpc_board_nxp_lpcxpresso_4337\Debug\liblpc_board_nxp_lpcxpresso_4337.a(board_sysinit.o)
                0x1a0023f0                Board_SystemInit
 .text.SystemCoreClockUpdate
                0x1a002400       0x18 C:\Users\cmg-8\Documents\LPCXpresso_8.2.0_647\workspace-TP3\lpc_chip_43xx\Debug\liblpc_chip_43xx.a(chip_18xx_43xx.o)
                0x1a002400                SystemCoreClockUpdate
 .text.ABS      0x1a002418       0x24 C:\Users\cmg-8\Documents\LPCXpresso_8.2.0_647\workspace-TP3\lpc_chip_43xx\Debug\liblpc_chip_43xx.a(clock_18xx_43xx.o)
 .text.pll_calc_divs
                0x1a00243c      0x124 C:\Users\cmg-8\Documents\LPCXpresso_8.2.0_647\workspace-TP3\lpc_chip_43xx\Debug\liblpc_chip_43xx.a(clock_18xx_43xx.o)
 .text.pll_get_frac
                0x1a002560      0x178 C:\Users\cmg-8\Documents\LPCXpresso_8.2.0_647\workspace-TP3\lpc_chip_43xx\Debug\liblpc_chip_43xx.a(clock_18xx_43xx.o)
 .text.Chip_Clock_GetDivRate
                0x1a0026d8       0x40 C:\Users\cmg-8\Documents\LPCXpresso_8.2.0_647\workspace-TP3\lpc_chip_43xx\Debug\liblpc_chip_43xx.a(clock_18xx_43xx.o)
 .text.Chip_Clock_FindBaseClock
                0x1a002718       0x90 C:\Users\cmg-8\Documents\LPCXpresso_8.2.0_647\workspace-TP3\lpc_chip_43xx\Debug\liblpc_chip_43xx.a(clock_18xx_43xx.o)
 .text.Chip_Clock_EnableCrystal
                0x1a0027a8       0x70 C:\Users\cmg-8\Documents\LPCXpresso_8.2.0_647\workspace-TP3\lpc_chip_43xx\Debug\liblpc_chip_43xx.a(clock_18xx_43xx.o)
                0x1a0027a8                Chip_Clock_EnableCrystal
 .text.Chip_Clock_CalcMainPLLValue
                0x1a002818       0xd8 C:\Users\cmg-8\Documents\LPCXpresso_8.2.0_647\workspace-TP3\lpc_chip_43xx\Debug\liblpc_chip_43xx.a(clock_18xx_43xx.o)
                0x1a002818                Chip_Clock_CalcMainPLLValue
 .text.Chip_Clock_GetMainPLLHz
                0x1a0028f0       0xc0 C:\Users\cmg-8\Documents\LPCXpresso_8.2.0_647\workspace-TP3\lpc_chip_43xx\Debug\liblpc_chip_43xx.a(clock_18xx_43xx.o)
                0x1a0028f0                Chip_Clock_GetMainPLLHz
 .text.Chip_Clock_GetDividerSource
                0x1a0029b0       0x40 C:\Users\cmg-8\Documents\LPCXpresso_8.2.0_647\workspace-TP3\lpc_chip_43xx\Debug\liblpc_chip_43xx.a(clock_18xx_43xx.o)
                0x1a0029b0                Chip_Clock_GetDividerSource
 .text.Chip_Clock_GetDividerDivisor
                0x1a0029f0       0x38 C:\Users\cmg-8\Documents\LPCXpresso_8.2.0_647\workspace-TP3\lpc_chip_43xx\Debug\liblpc_chip_43xx.a(clock_18xx_43xx.o)
                0x1a0029f0                Chip_Clock_GetDividerDivisor
 .text.Chip_Clock_GetClockInputHz
                0x1a002a28      0x140 C:\Users\cmg-8\Documents\LPCXpresso_8.2.0_647\workspace-TP3\lpc_chip_43xx\Debug\liblpc_chip_43xx.a(clock_18xx_43xx.o)
                0x1a002a28                Chip_Clock_GetClockInputHz
 .text.Chip_Clock_GetBaseClocktHz
                0x1a002b68       0x24 C:\Users\cmg-8\Documents\LPCXpresso_8.2.0_647\workspace-TP3\lpc_chip_43xx\Debug\liblpc_chip_43xx.a(clock_18xx_43xx.o)
                0x1a002b68                Chip_Clock_GetBaseClocktHz
 .text.Chip_Clock_SetBaseClock
                0x1a002b8c       0x9c C:\Users\cmg-8\Documents\LPCXpresso_8.2.0_647\workspace-TP3\lpc_chip_43xx\Debug\liblpc_chip_43xx.a(clock_18xx_43xx.o)
                0x1a002b8c                Chip_Clock_SetBaseClock
 .text.Chip_Clock_GetBaseClock
                0x1a002c28       0x4c C:\Users\cmg-8\Documents\LPCXpresso_8.2.0_647\workspace-TP3\lpc_chip_43xx\Debug\liblpc_chip_43xx.a(clock_18xx_43xx.o)
                0x1a002c28                Chip_Clock_GetBaseClock
 .text.Chip_Clock_EnableOpts
                0x1a002c74       0x7c C:\Users\cmg-8\Documents\LPCXpresso_8.2.0_647\workspace-TP3\lpc_chip_43xx\Debug\liblpc_chip_43xx.a(clock_18xx_43xx.o)
                0x1a002c74                Chip_Clock_EnableOpts
 .text.Chip_Clock_GetRate
                0x1a002cf0       0x88 C:\Users\cmg-8\Documents\LPCXpresso_8.2.0_647\workspace-TP3\lpc_chip_43xx\Debug\liblpc_chip_43xx.a(clock_18xx_43xx.o)
                0x1a002cf0                Chip_Clock_GetRate
 .text.fpuInit  0x1a002d78       0x74 C:\Users\cmg-8\Documents\LPCXpresso_8.2.0_647\workspace-TP3\lpc_chip_43xx\Debug\liblpc_chip_43xx.a(fpu_init.o)
                0x1a002d78                fpuInit
 .text.Chip_GPIO_Init
                0x1a002dec       0x14 C:\Users\cmg-8\Documents\LPCXpresso_8.2.0_647\workspace-TP3\lpc_chip_43xx\Debug\liblpc_chip_43xx.a(gpio_18xx_43xx.o)
                0x1a002dec                Chip_GPIO_Init
 .text.Chip_Clock_DisableMainPLL
                0x1a002e00       0x20 C:\Users\cmg-8\Documents\LPCXpresso_8.2.0_647\workspace-TP3\lpc_chip_43xx\Debug\liblpc_chip_43xx.a(sysinit_18xx_43xx.o)
 .text.Chip_Clock_SetupMainPLL
                0x1a002e20       0x44 C:\Users\cmg-8\Documents\LPCXpresso_8.2.0_647\workspace-TP3\lpc_chip_43xx\Debug\liblpc_chip_43xx.a(sysinit_18xx_43xx.o)
 .text.Chip_Clock_MainPLLLocked
                0x1a002e64       0x24 C:\Users\cmg-8\Documents\LPCXpresso_8.2.0_647\workspace-TP3\lpc_chip_43xx\Debug\liblpc_chip_43xx.a(sysinit_18xx_43xx.o)
 .text.Chip_SetupCoreClock
                0x1a002e88      0x15c C:\Users\cmg-8\Documents\LPCXpresso_8.2.0_647\workspace-TP3\lpc_chip_43xx\Debug\liblpc_chip_43xx.a(sysinit_18xx_43xx.o)
                0x1a002e88                Chip_SetupCoreClock
 .text.Chip_UART_TXDisable
                0x1a002fe4       0x1c C:\Users\cmg-8\Documents\LPCXpresso_8.2.0_647\workspace-TP3\lpc_chip_43xx\Debug\liblpc_chip_43xx.a(uart_18xx_43xx.o)
 .text.Chip_UART_SetupFIFOS
                0x1a003000       0x1c C:\Users\cmg-8\Documents\LPCXpresso_8.2.0_647\workspace-TP3\lpc_chip_43xx\Debug\liblpc_chip_43xx.a(uart_18xx_43xx.o)
 .text.Chip_UART_ConfigData
                0x1a00301c       0x1c C:\Users\cmg-8\Documents\LPCXpresso_8.2.0_647\workspace-TP3\lpc_chip_43xx\Debug\liblpc_chip_43xx.a(uart_18xx_43xx.o)
 .text.Chip_UART_EnableDivisorAccess
                0x1a003038       0x20 C:\Users\cmg-8\Documents\LPCXpresso_8.2.0_647\workspace-TP3\lpc_chip_43xx\Debug\liblpc_chip_43xx.a(uart_18xx_43xx.o)
 .text.Chip_UART_DisableDivisorAccess
                0x1a003058       0x20 C:\Users\cmg-8\Documents\LPCXpresso_8.2.0_647\workspace-TP3\lpc_chip_43xx\Debug\liblpc_chip_43xx.a(uart_18xx_43xx.o)
 .text.Chip_UART_SetDivisorLatches
                0x1a003078       0x28 C:\Users\cmg-8\Documents\LPCXpresso_8.2.0_647\workspace-TP3\lpc_chip_43xx\Debug\liblpc_chip_43xx.a(uart_18xx_43xx.o)
 .text.Chip_UART_GetIndex
                0x1a0030a0       0x60 C:\Users\cmg-8\Documents\LPCXpresso_8.2.0_647\workspace-TP3\lpc_chip_43xx\Debug\liblpc_chip_43xx.a(uart_18xx_43xx.o)
 .text.Chip_UART_Init
                0x1a003100       0x84 C:\Users\cmg-8\Documents\LPCXpresso_8.2.0_647\workspace-TP3\lpc_chip_43xx\Debug\liblpc_chip_43xx.a(uart_18xx_43xx.o)
                0x1a003100                Chip_UART_Init
 .text.Chip_UART_SetBaudFDR
                0x1a003184      0x170 C:\Users\cmg-8\Documents\LPCXpresso_8.2.0_647\workspace-TP3\lpc_chip_43xx\Debug\liblpc_chip_43xx.a(uart_18xx_43xx.o)
                0x1a003184                Chip_UART_SetBaudFDR
 .text.__main   0x1a0032f4       0x14 c:/nxp/lpcxpresso_8.2.0_647/lpcxpresso/tools/bin/../lib/gcc/arm-none-eabi/5.3.1/../../../../arm-none-eabi/lib/armv7e-m/softfp\libcr_nohost.a(_cr__main.o)
                0x1a0032f4                __main
 .text.memcpy   0x1a003308        0x4 c:/nxp/lpcxpresso_8.2.0_647/lpcxpresso/tools/bin/../lib/gcc/arm-none-eabi/5.3.1/../../../../arm-none-eabi/lib/armv7e-m/softfp\libcr_c.a(memcpy.o)
                0x1a003308                memcpy
 .text.memset   0x1a00330c        0x4 c:/nxp/lpcxpresso_8.2.0_647/lpcxpresso/tools/bin/../lib/gcc/arm-none-eabi/5.3.1/../../../../arm-none-eabi/lib/armv7e-m/softfp\libcr_c.a(memset.o)
                0x1a00330c                memset
 .text.malloc   0x1a003310       0xc8 c:/nxp/lpcxpresso_8.2.0_647/lpcxpresso/tools/bin/../lib/gcc/arm-none-eabi/5.3.1/../../../../arm-none-eabi/lib/armv7e-m/softfp\libcr_c.a(alloc.o)
                0x1a003310                malloc
 .text.free     0x1a0033d8       0x30 c:/nxp/lpcxpresso_8.2.0_647/lpcxpresso/tools/bin/../lib/gcc/arm-none-eabi/5.3.1/../../../../arm-none-eabi/lib/armv7e-m/softfp\libcr_c.a(alloc.o)
                0x1a0033d8                free
 .text._Csys_alloc
                0x1a003408       0x20 c:/nxp/lpcxpresso_8.2.0_647/lpcxpresso/tools/bin/../lib/gcc/arm-none-eabi/5.3.1/../../../../arm-none-eabi/lib/armv7e-m/softfp\libcr_c.a(alloc.o)
                0x1a003408                _Csys_alloc
 .text.fp_round
                0x1a003428       0x4e c:/nxp/lpcxpresso_8.2.0_647/lpcxpresso/tools/bin/../lib/gcc/arm-none-eabi/5.3.1/../../../../arm-none-eabi/lib/armv7e-m/softfp\libcr_c.a(fpprintf.o)
 .text.pr_dec.constprop.1
                0x1a003476       0x26 c:/nxp/lpcxpresso_8.2.0_647/lpcxpresso/tools/bin/../lib/gcc/arm-none-eabi/5.3.1/../../../../arm-none-eabi/lib/armv7e-m/softfp\libcr_c.a(fpprintf.o)
 .text.sprintf  0x1a00349c       0x6c c:/nxp/lpcxpresso_8.2.0_647/lpcxpresso/tools/bin/../lib/gcc/arm-none-eabi/5.3.1/../../../../arm-none-eabi/lib/armv7e-m/softfp\libcr_c.a(fpprintf.o)
                0x1a00349c                sprintf
 .text.fp_display
                0x1a003508      0x8f8 c:/nxp/lpcxpresso_8.2.0_647/lpcxpresso/tools/bin/../lib/gcc/arm-none-eabi/5.3.1/../../../../arm-none-eabi/lib/armv7e-m/softfp\libcr_c.a(fpprintf.o)
 .text.vsnprintf
                0x1a003e00       0x5c c:/nxp/lpcxpresso_8.2.0_647/lpcxpresso/tools/bin/../lib/gcc/arm-none-eabi/5.3.1/../../../../arm-none-eabi/lib/armv7e-m/softfp\libcr_c.a(fpprintf.o)
                0x1a003e00                vsnprintf
 .text.printf   0x1a003e5c       0x54 c:/nxp/lpcxpresso_8.2.0_647/lpcxpresso/tools/bin/../lib/gcc/arm-none-eabi/5.3.1/../../../../arm-none-eabi/lib/armv7e-m/softfp\libcr_c.a(fpprintf.o)
                0x1a003e5c                printf
 .text._initio  0x1a003eb0       0xa4 c:/nxp/lpcxpresso_8.2.0_647/lpcxpresso/tools/bin/../lib/gcc/arm-none-eabi/5.3.1/../../../../arm-none-eabi/lib/armv7e-m/softfp\libcr_c.a(initio.o)
                0x1a003eb0                _initio
 .text.__vfprintf
                0x1a003f54      0xd48 c:/nxp/lpcxpresso_8.2.0_647/lpcxpresso/tools/bin/../lib/gcc/arm-none-eabi/5.3.1/../../../../arm-none-eabi/lib/armv7e-m/softfp\libcr_c.a(printf.o)
                0x1a003f54                __vfprintf
 .text.setvbuf  0x1a004c9c       0x40 c:/nxp/lpcxpresso_8.2.0_647/lpcxpresso/tools/bin/../lib/gcc/arm-none-eabi/5.3.1/../../../../arm-none-eabi/lib/armv7e-m/softfp\libcr_c.a(setvbuf.o)
                0x1a004c9c                setvbuf
 .text.strlen   0x1a004cdc       0x4a c:/nxp/lpcxpresso_8.2.0_647/lpcxpresso/tools/bin/../lib/gcc/arm-none-eabi/5.3.1/../../../../arm-none-eabi/lib/armv7e-m/softfp\libcr_c.a(strlen.o)
                0x1a004cdc                strlen
 *fill*         0x1a004d26        0x2 ff
 .text._sbrk    0x1a004d28       0x40 c:/nxp/lpcxpresso_8.2.0_647/lpcxpresso/tools/bin/../lib/gcc/arm-none-eabi/5.3.1/../../../../arm-none-eabi/lib/armv7e-m/softfp\libcr_c.a(_cr_sbrk.o)
                0x1a004d28                _sbrk
 .text._deferredlazyseek
                0x1a004d68       0x44 c:/nxp/lpcxpresso_8.2.0_647/lpcxpresso/tools/bin/../lib/gcc/arm-none-eabi/5.3.1/../../../../arm-none-eabi/lib/armv7e-m/softfp\libcr_c.a(_deferredlazyseek.o)
                0x1a004d68                _deferredlazyseek
 .text.__flsbuf
                0x1a004dac      0x140 c:/nxp/lpcxpresso_8.2.0_647/lpcxpresso/tools/bin/../lib/gcc/arm-none-eabi/5.3.1/../../../../arm-none-eabi/lib/armv7e-m/softfp\libcr_c.a(_deferredlazyseek.o)
                0x1a004dac                __flsbuf
 .text._fdopen  0x1a004eec       0x6a c:/nxp/lpcxpresso_8.2.0_647/lpcxpresso/tools/bin/../lib/gcc/arm-none-eabi/5.3.1/../../../../arm-none-eabi/lib/armv7e-m/softfp\libcr_c.a(_fdopen.o)
                0x1a004eec                _fdopen
 .text._fflush  0x1a004f56       0x58 c:/nxp/lpcxpresso_8.2.0_647/lpcxpresso/tools/bin/../lib/gcc/arm-none-eabi/5.3.1/../../../../arm-none-eabi/lib/armv7e-m/softfp\libcr_c.a(_fflush.o)
                0x1a004f56                _fflush
 .text._frexpl  0x1a004fae       0x5a c:/nxp/lpcxpresso_8.2.0_647/lpcxpresso/tools/bin/../lib/gcc/arm-none-eabi/5.3.1/../../../../arm-none-eabi/lib/armv7e-m/softfp\libcr_c.a(_frexpl.o)
                0x1a004fae                _frexpl
 .text._ldexpl  0x1a005008       0x4c c:/nxp/lpcxpresso_8.2.0_647/lpcxpresso/tools/bin/../lib/gcc/arm-none-eabi/5.3.1/../../../../arm-none-eabi/lib/armv7e-m/softfp\libcr_c.a(_ldexpl.o)
                0x1a005008                _ldexpl
 .text._Cwritebuf
                0x1a005054       0x68 c:/nxp/lpcxpresso_8.2.0_647/lpcxpresso/tools/bin/../lib/gcc/arm-none-eabi/5.3.1/../../../../arm-none-eabi/lib/armv7e-m/softfp\libcr_c.a(_writebuf.o)
                0x1a005054                _Cwritebuf
 .text.fclose   0x1a0050bc       0x6c c:/nxp/lpcxpresso_8.2.0_647/lpcxpresso/tools/bin/../lib/gcc/arm-none-eabi/5.3.1/../../../../arm-none-eabi/lib/armv7e-m/softfp\libcr_c.a(fclose.o)
                0x1a0050bc                fclose
 .text.fflush   0x1a005128       0x30 c:/nxp/lpcxpresso_8.2.0_647/lpcxpresso/tools/bin/../lib/gcc/arm-none-eabi/5.3.1/../../../../arm-none-eabi/lib/armv7e-m/softfp\libcr_c.a(fflush.o)
                0x1a005128                fflush
 .text.fseek    0x1a005158      0x110 c:/nxp/lpcxpresso_8.2.0_647/lpcxpresso/tools/bin/../lib/gcc/arm-none-eabi/5.3.1/../../../../arm-none-eabi/lib/armv7e-m/softfp\libcr_c.a(fseek.o)
                0x1a005158                fseek
 .text.ftell    0x1a005268       0x4c c:/nxp/lpcxpresso_8.2.0_647/lpcxpresso/tools/bin/../lib/gcc/arm-none-eabi/5.3.1/../../../../arm-none-eabi/lib/armv7e-m/softfp\libcr_c.a(ftell.o)
                0x1a005268                ftell
 .text.remove   0x1a0052b4       0x14 c:/nxp/lpcxpresso_8.2.0_647/lpcxpresso/tools/bin/../lib/gcc/arm-none-eabi/5.3.1/../../../../arm-none-eabi/lib/armv7e-m/softfp\libcr_c.a(remove.o)
                0x1a0052b4                remove
 .text._do_fflush
                0x1a0052c8       0x44 c:/nxp/lpcxpresso_8.2.0_647/lpcxpresso/tools/bin/../lib/gcc/arm-none-eabi/5.3.1/../../../../arm-none-eabi/lib/armv7e-m/softfp\libcr_c.a(_do_fflush.o)
                0x1a0052c8                _do_fflush
 .text.__aeabi_division_uldivmod
                0x1a00530c      0x174 c:/nxp/lpcxpresso_8.2.0_647/lpcxpresso/tools/bin/../lib/gcc/arm-none-eabi/5.3.1/armv7e-m/softfp\libcr_eabihelpers.a(division_64.o)
                0x1a00530c                __aeabi_uldivmod
                0x1a005310                __bhs_ldivmod1
 .text.__aeabi_division_idiv0
                0x1a005480        0x2 c:/nxp/lpcxpresso_8.2.0_647/lpcxpresso/tools/bin/../lib/gcc/arm-none-eabi/5.3.1/armv7e-m/softfp\libcr_eabihelpers.a(division_idiv0.o)
                0x1a005480                __aeabi_idiv0
 *fill*         0x1a005482        0x2 ff
 .text.__aeabi_dmul
                0x1a005484      0x110 c:/nxp/lpcxpresso_8.2.0_647/lpcxpresso/tools/bin/../lib/gcc/arm-none-eabi/5.3.1/armv7e-m/softfp\libcr_eabihelpers.a(double.o)
                0x1a005484                __aeabi_dmul
 .text.__aeabi_ddiv
                0x1a005594      0x13c c:/nxp/lpcxpresso_8.2.0_647/lpcxpresso/tools/bin/../lib/gcc/arm-none-eabi/5.3.1/armv7e-m/softfp\libcr_eabihelpers.a(double.o)
                0x1a005594                __aeabi_ddiv
 .text.__aeabi_dsub
                0x1a0056d0      0x1b4 c:/nxp/lpcxpresso_8.2.0_647/lpcxpresso/tools/bin/../lib/gcc/arm-none-eabi/5.3.1/armv7e-m/softfp\libcr_eabihelpers.a(double.o)
                0x1a0056d0                __aeabi_dsub
 .text.__aeabi_dadd
                0x1a005884      0x114 c:/nxp/lpcxpresso_8.2.0_647/lpcxpresso/tools/bin/../lib/gcc/arm-none-eabi/5.3.1/armv7e-m/softfp\libcr_eabihelpers.a(double.o)
                0x1a005884                __aeabi_dadd
 .text.__aeabi_d2iz
                0x1a005998       0x40 c:/nxp/lpcxpresso_8.2.0_647/lpcxpresso/tools/bin/../lib/gcc/arm-none-eabi/5.3.1/armv7e-m/softfp\libcr_eabihelpers.a(double.o)
                0x1a005998                __aeabi_d2iz
 .text.__bhs_ui2d
                0x1a0059d8       0x46 c:/nxp/lpcxpresso_8.2.0_647/lpcxpresso/tools/bin/../lib/gcc/arm-none-eabi/5.3.1/armv7e-m/softfp\libcr_eabihelpers.a(double.o)
                0x1a0059d8                __bhs_ui2d
 .text.__aeabi_i2d
                0x1a005a1e       0x10 c:/nxp/lpcxpresso_8.2.0_647/lpcxpresso/tools/bin/../lib/gcc/arm-none-eabi/5.3.1/armv7e-m/softfp\libcr_eabihelpers.a(double.o)
                0x1a005a1e                __aeabi_i2d
 .text.__aeabi_dcmpeq
                0x1a005a2e       0x30 c:/nxp/lpcxpresso_8.2.0_647/lpcxpresso/tools/bin/../lib/gcc/arm-none-eabi/5.3.1/armv7e-m/softfp\libcr_eabihelpers.a(double.o)
                0x1a005a2e                __aeabi_dcmpeq
 .text.__aeabi_dcmplt
                0x1a005a5e       0x58 c:/nxp/lpcxpresso_8.2.0_647/lpcxpresso/tools/bin/../lib/gcc/arm-none-eabi/5.3.1/armv7e-m/softfp\libcr_eabihelpers.a(double.o)
                0x1a005a5e                __aeabi_dcmplt
 .text.__aeabi_dcmple
                0x1a005ab6       0x54 c:/nxp/lpcxpresso_8.2.0_647/lpcxpresso/tools/bin/../lib/gcc/arm-none-eabi/5.3.1/armv7e-m/softfp\libcr_eabihelpers.a(double.o)
                0x1a005ab6                __aeabi_dcmple
 .text.__aeabi_dcmpge
                0x1a005b0a       0x54 c:/nxp/lpcxpresso_8.2.0_647/lpcxpresso/tools/bin/../lib/gcc/arm-none-eabi/5.3.1/armv7e-m/softfp\libcr_eabihelpers.a(double.o)
                0x1a005b0a                __aeabi_dcmpge
 .text.__aeabi_memcpy
                0x1a005b5e       0x34 c:/nxp/lpcxpresso_8.2.0_647/lpcxpresso/tools/bin/../lib/gcc/arm-none-eabi/5.3.1/armv7e-m/softfp\libcr_eabihelpers.a(memcpy.o)
                0x1a005b5e                __aeabi_memcpy
                0x1a005b68                __aeabi_memcpy8
                0x1a005b68                __aeabi_memcpy4
 .text.__aeabi_memset_lowlevel
                0x1a005b92       0x32 c:/nxp/lpcxpresso_8.2.0_647/lpcxpresso/tools/bin/../lib/gcc/arm-none-eabi/5.3.1/armv7e-m/softfp\libcr_eabihelpers.a(memcpy.o)
                0x1a005b92                __aeabi_lowlevel_memset
 .text.__sys_appexit
                0x1a005bc4        0x2 c:/nxp/lpcxpresso_8.2.0_647/lpcxpresso/tools/bin/../lib/gcc/arm-none-eabi/5.3.1/../../../../arm-none-eabi/lib/armv7e-m/softfp\libcr_nohost.a(__sys_appexit.o)
                0x1a005bc4                __sys_appexit
                0x1a005bc4                __exit
 .text.__sys_close
                0x1a005bc6        0x6 c:/nxp/lpcxpresso_8.2.0_647/lpcxpresso/tools/bin/../lib/gcc/arm-none-eabi/5.3.1/../../../../arm-none-eabi/lib/armv7e-m/softfp\libcr_nohost.a(__sys_close.o)
                0x1a005bc6                __sys_close
 .text.__sys_flen
                0x1a005bcc        0x6 c:/nxp/lpcxpresso_8.2.0_647/lpcxpresso/tools/bin/../lib/gcc/arm-none-eabi/5.3.1/../../../../arm-none-eabi/lib/armv7e-m/softfp\libcr_nohost.a(__sys_flen.o)
                0x1a005bcc                __sys_flen
 .text.__sys_istty
                0x1a005bd2        0x6 c:/nxp/lpcxpresso_8.2.0_647/lpcxpresso/tools/bin/../lib/gcc/arm-none-eabi/5.3.1/../../../../arm-none-eabi/lib/armv7e-m/softfp\libcr_nohost.a(__sys_istty.o)
                0x1a005bd2                __sys_istty
 .text.__sys_remove
                0x1a005bd8        0x6 c:/nxp/lpcxpresso_8.2.0_647/lpcxpresso/tools/bin/../lib/gcc/arm-none-eabi/5.3.1/../../../../arm-none-eabi/lib/armv7e-m/softfp\libcr_nohost.a(__sys_remove.o)
                0x1a005bd8                __sys_remove
 .text.__sys_seek
                0x1a005bde        0x6 c:/nxp/lpcxpresso_8.2.0_647/lpcxpresso/tools/bin/../lib/gcc/arm-none-eabi/5.3.1/../../../../arm-none-eabi/lib/armv7e-m/softfp\libcr_nohost.a(__sys_seek.o)
                0x1a005bde                __sys_seek
 .text.__sys_tmpnam
                0x1a005be4        0x6 c:/nxp/lpcxpresso_8.2.0_647/lpcxpresso/tools/bin/../lib/gcc/arm-none-eabi/5.3.1/../../../../arm-none-eabi/lib/armv7e-m/softfp\libcr_nohost.a(__sys_tmpnam.o)
                0x1a005be4                __sys_tmpnam
 *(.rodata .rodata.* .constdata .constdata.*)
 *fill*         0x1a005bea        0x2 ff
 .rodata        0x1a005bec        0x5 ./freertos/src/tasks.o
 *fill*         0x1a005bf1        0x3 ff
 .rodata        0x1a005bf4       0xf7 ./example/src/freertos_examples_10_to_16.o
 *fill*         0x1a005ceb        0x1 ff
 .rodata.ExtRateIn
                0x1a005cec        0x4 C:\Users\cmg-8\Documents\LPCXpresso_8.2.0_647\workspace-TP3\lpc_board_nxp_lpcxpresso_4337\Debug\liblpc_board_nxp_lpcxpresso_4337.a(board.o)
                0x1a005cec                ExtRateIn
 .rodata.OscRateIn
                0x1a005cf0        0x4 C:\Users\cmg-8\Documents\LPCXpresso_8.2.0_647\workspace-TP3\lpc_board_nxp_lpcxpresso_4337\Debug\liblpc_board_nxp_lpcxpresso_4337.a(board.o)
                0x1a005cf0                OscRateIn
 .rodata.gpioLEDBits
                0x1a005cf4        0xc C:\Users\cmg-8\Documents\LPCXpresso_8.2.0_647\workspace-TP3\lpc_board_nxp_lpcxpresso_4337\Debug\liblpc_board_nxp_lpcxpresso_4337.a(board.o)
 .rodata.gpioButtonBits
                0x1a005d00        0x8 C:\Users\cmg-8\Documents\LPCXpresso_8.2.0_647\workspace-TP3\lpc_board_nxp_lpcxpresso_4337\Debug\liblpc_board_nxp_lpcxpresso_4337.a(board.o)
 .rodata.InitClkStates
                0x1a005d08        0xc C:\Users\cmg-8\Documents\LPCXpresso_8.2.0_647\workspace-TP3\lpc_board_nxp_lpcxpresso_4337\Debug\liblpc_board_nxp_lpcxpresso_4337.a(board_sysinit.o)
 .rodata.pinmuxing
                0x1a005d14       0x2c C:\Users\cmg-8\Documents\LPCXpresso_8.2.0_647\workspace-TP3\lpc_board_nxp_lpcxpresso_4337\Debug\liblpc_board_nxp_lpcxpresso_4337.a(board_sysinit.o)
 .rodata.periph_to_base
                0x1a005d40       0x6c C:\Users\cmg-8\Documents\LPCXpresso_8.2.0_647\workspace-TP3\lpc_chip_43xx\Debug\liblpc_chip_43xx.a(clock_18xx_43xx.o)
 .rodata        0x1a005dac        0xa C:\Users\cmg-8\Documents\LPCXpresso_8.2.0_647\workspace-TP3\lpc_chip_43xx\Debug\liblpc_chip_43xx.a(clock_18xx_43xx.o)
 *fill*         0x1a005db6        0x2 ff
 .rodata.InitClkStates
                0x1a005db8       0x48 C:\Users\cmg-8\Documents\LPCXpresso_8.2.0_647\workspace-TP3\lpc_chip_43xx\Debug\liblpc_chip_43xx.a(sysinit_18xx_43xx.o)
 .rodata.UART_PClock
                0x1a005e00        0x8 C:\Users\cmg-8\Documents\LPCXpresso_8.2.0_647\workspace-TP3\lpc_chip_43xx\Debug\liblpc_chip_43xx.a(uart_18xx_43xx.o)
 .rodata.UART_BClock
                0x1a005e08        0x8 C:\Users\cmg-8\Documents\LPCXpresso_8.2.0_647\workspace-TP3\lpc_chip_43xx\Debug\liblpc_chip_43xx.a(uart_18xx_43xx.o)
 .rodata.str1.1
                0x1a005e10       0x18 c:/nxp/lpcxpresso_8.2.0_647/lpcxpresso/tools/bin/../lib/gcc/arm-none-eabi/5.3.1/../../../../arm-none-eabi/lib/armv7e-m/softfp\libcr_c.a(alloc.o)
 .rodata.str1.1
                0x1a005e28       0x34 c:/nxp/lpcxpresso_8.2.0_647/lpcxpresso/tools/bin/../lib/gcc/arm-none-eabi/5.3.1/../../../../arm-none-eabi/lib/armv7e-m/softfp\libcr_c.a(fpprintf.o)
                                 0x35 (size before relaxing)
 .rodata.str1.1
                0x1a005e5c        0x4 c:/nxp/lpcxpresso_8.2.0_647/lpcxpresso/tools/bin/../lib/gcc/arm-none-eabi/5.3.1/../../../../arm-none-eabi/lib/armv7e-m/softfp\libcr_c.a(initio.o)
 .rodata.str1.1
                0x1a005e60       0x31 c:/nxp/lpcxpresso_8.2.0_647/lpcxpresso/tools/bin/../lib/gcc/arm-none-eabi/5.3.1/../../../../arm-none-eabi/lib/armv7e-m/softfp\libcr_c.a(printf.o)
                                 0x38 (size before relaxing)
 *fill*         0x1a005e91        0x7 ff
 .rodata.__huge_vall
                0x1a005e98        0x8 c:/nxp/lpcxpresso_8.2.0_647/lpcxpresso/tools/bin/../lib/gcc/arm-none-eabi/5.3.1/../../../../arm-none-eabi/lib/armv7e-m/softfp\libcr_c.a(_hugeval.o)
                0x1a005e98                __huge_vall
                0x1a005ea0                . = ALIGN (0x4)

.glue_7         0x1a005ea0        0x0
 .glue_7        0x1a005ea0        0x0 linker stubs

.glue_7t        0x1a005ea0        0x0
 .glue_7t       0x1a005ea0        0x0 linker stubs

.vfp11_veneer   0x1a005ea0        0x0
 .vfp11_veneer  0x1a005ea0        0x0 linker stubs

.v4_bx          0x1a005ea0        0x0
 .v4_bx         0x1a005ea0        0x0 linker stubs

.iplt           0x1a005ea0        0x0
 .iplt          0x1a005ea0        0x0 ./freertos/src/FreeRTOSCommonHooks.o

.rel.dyn        0x1a005ea0        0x0
 .rel.iplt      0x1a005ea0        0x0 ./freertos/src/FreeRTOSCommonHooks.o

.ARM.extab
 *(.ARM.extab* .gnu.linkonce.armextab.*)
                0x1a005ea0                __exidx_start = .

.ARM.exidx
 *(.ARM.exidx* .gnu.linkonce.armexidx.*)
                0x1a005ea0                __exidx_end = .
                0x1a005ea0                _etext = .

.data_RAM2      0x10080000        0x0 load address 0x1a005ea0
 FILL mask 0xff
                [!provide]                PROVIDE (__start_data_RAM2, .)
 *(.ramfunc.$RAM2)
 *(.ramfunc.$RamLoc40)
 *(.data.$RAM2*)
 *(.data.$RamLoc40*)
                0x10080000                . = ALIGN (0x4)
                [!provide]                PROVIDE (__end_data_RAM2, .)

.data_RAM3      0x20000000        0x0 load address 0x1a005ea0
 FILL mask 0xff
                [!provide]                PROVIDE (__start_data_RAM3, .)
 *(.ramfunc.$RAM3)
 *(.ramfunc.$RamAHB32)
 *(.data.$RAM3*)
 *(.data.$RamAHB32*)
                0x20000000                . = ALIGN (0x4)
                [!provide]                PROVIDE (__end_data_RAM3, .)

.data_RAM4      0x20008000        0x0 load address 0x1a005ea0
 FILL mask 0xff
                [!provide]                PROVIDE (__start_data_RAM4, .)
 *(.ramfunc.$RAM4)
 *(.ramfunc.$RamAHB16)
 *(.data.$RAM4*)
 *(.data.$RamAHB16*)
                0x20008000                . = ALIGN (0x4)
                [!provide]                PROVIDE (__end_data_RAM4, .)

.data_RAM5      0x2000c000        0x0 load address 0x1a005ea0
 FILL mask 0xff
                [!provide]                PROVIDE (__start_data_RAM5, .)
 *(.ramfunc.$RAM5)
 *(.ramfunc.$RamAHB_ETB16)
 *(.data.$RAM5*)
 *(.data.$RamAHB_ETB16*)
                0x2000c000                . = ALIGN (0x4)
                [!provide]                PROVIDE (__end_data_RAM5, .)

.uninit_RESERVED
                0x10000000        0x0
 *(.bss.$RESERVED*)
                0x10000000                . = ALIGN (0x4)
                0x10000000                _end_uninit_RESERVED = .

.data           0x10000000       0x10 load address 0x1a005ea0
 FILL mask 0xff
                0x10000000                _data = .
 *(vtable)
 *(.ramfunc*)
 *(.data*)
 .data.uxCriticalNesting
                0x10000000        0x4 ./freertos/src/port.o
 .data.xNextTaskUnblockTime
                0x10000004        0x4 ./freertos/src/tasks.o
 .data.pcTextForMain
                0x10000008        0x4 ./example/src/freertos_examples_10_to_16.o
                0x10000008                pcTextForMain
 .data.ulReceivedNumber.9670
                0x1000000c        0x4 ./example/src/freertos_examples_10_to_16.o
                0x10000010                . = ALIGN (0x4)
                0x10000010                _edata = .

.igot.plt       0x10000010        0x0 load address 0x1a005eb0
 .igot.plt      0x10000010        0x0 ./freertos/src/FreeRTOSCommonHooks.o

.bss_RAM2       0x10080000        0x0
                [!provide]                PROVIDE (__start_bss_RAM2, .)
 *(.bss.$RAM2*)
 *(.bss.$RamLoc40*)
                0x10080000                . = ALIGN ((. != 0x0)?0x4:0x1)
                [!provide]                PROVIDE (__end_bss_RAM2, .)

.bss_RAM3       0x20000000        0x0
                [!provide]                PROVIDE (__start_bss_RAM3, .)
 *(.bss.$RAM3*)
 *(.bss.$RamAHB32*)
                0x20000000                . = ALIGN ((. != 0x0)?0x4:0x1)
                [!provide]                PROVIDE (__end_bss_RAM3, .)

.bss_RAM4       0x20008000        0x0
                [!provide]                PROVIDE (__start_bss_RAM4, .)
 *(.bss.$RAM4*)
 *(.bss.$RamAHB16*)
                0x20008000                . = ALIGN ((. != 0x0)?0x4:0x1)
                [!provide]                PROVIDE (__end_bss_RAM4, .)

.bss_RAM5       0x2000c000        0x0
                [!provide]                PROVIDE (__start_bss_RAM5, .)
 *(.bss.$RAM5*)
 *(.bss.$RamAHB_ETB16*)
                0x2000c000                . = ALIGN ((. != 0x0)?0x4:0x1)
                [!provide]                PROVIDE (__end_bss_RAM5, .)

.bss            0x10000010      0x2a8
                0x10000010                _bss = .
 *(.bss*)
 .bss.ulTimerCountsForOneTick
                0x10000010        0x4 ./freertos/src/port.o
 .bss.xMaximumPossibleSuppressedTicks
                0x10000014        0x4 ./freertos/src/port.o
 .bss.ulStoppedTimerCompensation
                0x10000018        0x4 ./freertos/src/port.o
 .bss.pxCurrentTCB
                0x1000001c        0x4 ./freertos/src/tasks.o
                0x1000001c                pxCurrentTCB
 .bss.pxReadyTasksLists
                0x10000020       0xa0 ./freertos/src/tasks.o
 .bss.xDelayedTaskList1
                0x100000c0       0x14 ./freertos/src/tasks.o
 .bss.xDelayedTaskList2
                0x100000d4       0x14 ./freertos/src/tasks.o
 .bss.pxDelayedTaskList
                0x100000e8        0x4 ./freertos/src/tasks.o
 .bss.pxOverflowDelayedTaskList
                0x100000ec        0x4 ./freertos/src/tasks.o
 .bss.xPendingReadyList
                0x100000f0       0x14 ./freertos/src/tasks.o
 .bss.xTasksWaitingTermination
                0x10000104       0x14 ./freertos/src/tasks.o
 .bss.uxTasksDeleted
                0x10000118        0x4 ./freertos/src/tasks.o
 .bss.xSuspendedTaskList
                0x1000011c       0x14 ./freertos/src/tasks.o
 .bss.uxCurrentNumberOfTasks
                0x10000130        0x4 ./freertos/src/tasks.o
 .bss.xTickCount
                0x10000134        0x4 ./freertos/src/tasks.o
 .bss.uxTopReadyPriority
                0x10000138        0x4 ./freertos/src/tasks.o
 .bss.xSchedulerRunning
                0x1000013c        0x4 ./freertos/src/tasks.o
 .bss.uxPendedTicks
                0x10000140        0x4 ./freertos/src/tasks.o
 .bss.xYieldPending
                0x10000144        0x4 ./freertos/src/tasks.o
 .bss.xNumOfOverflows
                0x10000148        0x4 ./freertos/src/tasks.o
 .bss.uxTaskNumber
                0x1000014c        0x4 ./freertos/src/tasks.o
 .bss.uxSchedulerSuspended
                0x10000150        0x4 ./freertos/src/tasks.o
 .bss.audio_usb_pll_freq
                0x10000154        0x8 C:\Users\cmg-8\Documents\LPCXpresso_8.2.0_647\workspace-TP3\lpc_chip_43xx\Debug\liblpc_chip_43xx.a(clock_18xx_43xx.o)
 .bss._extra    0x1000015c        0x4 c:/nxp/lpcxpresso_8.2.0_647/lpcxpresso/tools/bin/../lib/gcc/arm-none-eabi/5.3.1/../../../../arm-none-eabi/lib/armv7e-m/softfp\libcr_c.a(initio.o)
                0x1000015c                _extra
 .bss.__Ciob    0x10000160      0x140 c:/nxp/lpcxpresso_8.2.0_647/lpcxpresso/tools/bin/../lib/gcc/arm-none-eabi/5.3.1/../../../../arm-none-eabi/lib/armv7e-m/softfp\libcr_c.a(stdio.o)
                0x10000160                __Ciob
 .bss.__heaps   0x100002a0        0x4 c:/nxp/lpcxpresso_8.2.0_647/lpcxpresso/tools/bin/../lib/gcc/arm-none-eabi/5.3.1/../../../../arm-none-eabi/lib/armv7e-m/softfp\libcr_c.a(__init_alloc.o)
                0x100002a0                __heaps
 .bss.__end_of_heap
                0x100002a4        0x4 c:/nxp/lpcxpresso_8.2.0_647/lpcxpresso/tools/bin/../lib/gcc/arm-none-eabi/5.3.1/../../../../arm-none-eabi/lib/armv7e-m/softfp\libcr_c.a(__init_alloc.o)
                0x100002a4                __end_of_heap
 .bss.errno     0x100002a8        0x4 c:/nxp/lpcxpresso_8.2.0_647/lpcxpresso/tools/bin/../lib/gcc/arm-none-eabi/5.3.1/../../../../arm-none-eabi/lib/armv7e-m/softfp\libcr_c.a(errno.o)
                0x100002a8                errno
 *(COMMON)
 COMMON         0x100002ac        0x8 ./example/src/freertos_examples_10_to_16.o
                0x100002ac                xBinarySemaphore
                0x100002b0                xQueue
 COMMON         0x100002b4        0x4 C:\Users\cmg-8\Documents\LPCXpresso_8.2.0_647\workspace-TP3\lpc_chip_43xx\Debug\liblpc_chip_43xx.a(chip_18xx_43xx.o)
                0x100002b4                SystemCoreClock
                0x100002b8                . = ALIGN (0x4)
                0x100002b8                _ebss = .
                [!provide]                PROVIDE (end, .)

.noinit_RAM2    0x10080000        0x0
 *(.noinit.$RAM2*)
 *(.noinit.$RamLoc40*)
                0x10080000                . = ALIGN (0x4)

.noinit_RAM3    0x20000000        0x0
 *(.noinit.$RAM3*)
 *(.noinit.$RamAHB32*)
                0x20000000                . = ALIGN (0x4)

.noinit_RAM4    0x20008000        0x0
 *(.noinit.$RAM4*)
 *(.noinit.$RamAHB16*)
                0x20008000                . = ALIGN (0x4)

.noinit_RAM5    0x2000c000        0x0
 *(.noinit.$RAM5*)
 *(.noinit.$RamAHB_ETB16*)
                0x2000c000                . = ALIGN (0x4)

.noinit         0x100002b8        0x0
                0x100002b8                _noinit = .
 *(.noinit*)
                0x100002b8                . = ALIGN (0x4)
                0x100002b8                _end_noinit = .
                0x100002b8                PROVIDE (_pvHeapStart, DEFINED (__user_heap_base)?__user_heap_base:.)
                0x10008000                PROVIDE (_vStackTop, DEFINED (__user_stack_top)?__user_stack_top:(__top_RamLoc32 - 0x0))
                [!provide]                PROVIDE (__valid_user_code_checksum, (0x0 - ((((((_vStackTop + (ResetISR + 0x1)) + (NMI_Handler + 0x1)) + (HardFault_Handler + 0x1)) + (DEFINED (MemManage_Handler)?MemManage_Handler:0x0 + 0x1)) + (DEFINED (BusFault_Handler)?BusFault_Handler:0x0 + 0x1)) + (DEFINED (UsageFault_Handler)?UsageFault_Handler:0x0 + 0x1))))
OUTPUT(freertos_examples_10_to_16.axf elf32-littlearm)

.debug_info     0x00000000     0xa91d
 .debug_info    0x00000000      0x184 ./freertos/src/FreeRTOSCommonHooks.o
 .debug_info    0x00000184      0x10e ./freertos/src/heap_3.o
 .debug_info    0x00000292      0x2c4 ./freertos/src/list.o
 .debug_info    0x00000556      0x7fa ./freertos/src/port.o
 .debug_info    0x00000d50     0x1019 ./freertos/src/queue.o
 .debug_info    0x00001d69       0x70 ./freertos/src/redlib_memfix.o
 .debug_info    0x00001dd9     0x173e ./freertos/src/tasks.o
 .debug_info    0x00003517      0x297 ./example/src/cr_startup_lpc43xx.o
 .debug_info    0x000037ae      0xc5c ./example/src/freertos_examples_10_to_16.o
 .debug_info    0x0000440a       0xea ./example/src/sysinit.o
 .debug_info    0x000044f4     0x1a0b C:\Users\cmg-8\Documents\LPCXpresso_8.2.0_647\workspace-TP3\lpc_board_nxp_lpcxpresso_4337\Debug\liblpc_board_nxp_lpcxpresso_4337.a(board.o)
 .debug_info    0x00005eff      0xb56 C:\Users\cmg-8\Documents\LPCXpresso_8.2.0_647\workspace-TP3\lpc_board_nxp_lpcxpresso_4337\Debug\liblpc_board_nxp_lpcxpresso_4337.a(board_sysinit.o)
 .debug_info    0x00006a55      0xa31 C:\Users\cmg-8\Documents\LPCXpresso_8.2.0_647\workspace-TP3\lpc_chip_43xx\Debug\liblpc_chip_43xx.a(chip_18xx_43xx.o)
 .debug_info    0x00007486     0x1590 C:\Users\cmg-8\Documents\LPCXpresso_8.2.0_647\workspace-TP3\lpc_chip_43xx\Debug\liblpc_chip_43xx.a(clock_18xx_43xx.o)
 .debug_info    0x00008a16      0x128 C:\Users\cmg-8\Documents\LPCXpresso_8.2.0_647\workspace-TP3\lpc_chip_43xx\Debug\liblpc_chip_43xx.a(fpu_init.o)
 .debug_info    0x00008b3e      0x435 C:\Users\cmg-8\Documents\LPCXpresso_8.2.0_647\workspace-TP3\lpc_chip_43xx\Debug\liblpc_chip_43xx.a(gpio_18xx_43xx.o)
 .debug_info    0x00008f73      0x8fd C:\Users\cmg-8\Documents\LPCXpresso_8.2.0_647\workspace-TP3\lpc_chip_43xx\Debug\liblpc_chip_43xx.a(sysinit_18xx_43xx.o)
 .debug_info    0x00009870     0x10ad C:\Users\cmg-8\Documents\LPCXpresso_8.2.0_647\workspace-TP3\lpc_chip_43xx\Debug\liblpc_chip_43xx.a(uart_18xx_43xx.o)

.debug_abbrev   0x00000000     0x1b6f
 .debug_abbrev  0x00000000      0x111 ./freertos/src/FreeRTOSCommonHooks.o
 .debug_abbrev  0x00000111       0xbc ./freertos/src/heap_3.o
 .debug_abbrev  0x000001cd       0xdb ./freertos/src/list.o
 .debug_abbrev  0x000002a8      0x1da ./freertos/src/port.o
 .debug_abbrev  0x00000482      0x200 ./freertos/src/queue.o
 .debug_abbrev  0x00000682       0x63 ./freertos/src/redlib_memfix.o
 .debug_abbrev  0x000006e5      0x267 ./freertos/src/tasks.o
 .debug_abbrev  0x0000094c       0xed ./example/src/cr_startup_lpc43xx.o
 .debug_abbrev  0x00000a39      0x1df ./example/src/freertos_examples_10_to_16.o
 .debug_abbrev  0x00000c18       0x9c ./example/src/sysinit.o
 .debug_abbrev  0x00000cb4      0x31e C:\Users\cmg-8\Documents\LPCXpresso_8.2.0_647\workspace-TP3\lpc_board_nxp_lpcxpresso_4337\Debug\liblpc_board_nxp_lpcxpresso_4337.a(board.o)
 .debug_abbrev  0x00000fd2      0x19a C:\Users\cmg-8\Documents\LPCXpresso_8.2.0_647\workspace-TP3\lpc_board_nxp_lpcxpresso_4337\Debug\liblpc_board_nxp_lpcxpresso_4337.a(board_sysinit.o)
 .debug_abbrev  0x0000116c      0x155 C:\Users\cmg-8\Documents\LPCXpresso_8.2.0_647\workspace-TP3\lpc_chip_43xx\Debug\liblpc_chip_43xx.a(chip_18xx_43xx.o)
 .debug_abbrev  0x000012c1      0x2cb C:\Users\cmg-8\Documents\LPCXpresso_8.2.0_647\workspace-TP3\lpc_chip_43xx\Debug\liblpc_chip_43xx.a(clock_18xx_43xx.o)
 .debug_abbrev  0x0000158c       0x84 C:\Users\cmg-8\Documents\LPCXpresso_8.2.0_647\workspace-TP3\lpc_chip_43xx\Debug\liblpc_chip_43xx.a(fpu_init.o)
 .debug_abbrev  0x00001610      0x111 C:\Users\cmg-8\Documents\LPCXpresso_8.2.0_647\workspace-TP3\lpc_chip_43xx\Debug\liblpc_chip_43xx.a(gpio_18xx_43xx.o)
 .debug_abbrev  0x00001721      0x18e C:\Users\cmg-8\Documents\LPCXpresso_8.2.0_647\workspace-TP3\lpc_chip_43xx\Debug\liblpc_chip_43xx.a(sysinit_18xx_43xx.o)
 .debug_abbrev  0x000018af      0x2c0 C:\Users\cmg-8\Documents\LPCXpresso_8.2.0_647\workspace-TP3\lpc_chip_43xx\Debug\liblpc_chip_43xx.a(uart_18xx_43xx.o)

.debug_aranges  0x00000000      0xa10
 .debug_aranges
                0x00000000       0x40 ./freertos/src/FreeRTOSCommonHooks.o
 .debug_aranges
                0x00000040       0x28 ./freertos/src/heap_3.o
 .debug_aranges
                0x00000068       0x40 ./freertos/src/list.o
 .debug_aranges
                0x000000a8       0x98 ./freertos/src/port.o
 .debug_aranges
                0x00000140       0xf0 ./freertos/src/queue.o
 .debug_aranges
                0x00000230       0x20 ./freertos/src/redlib_memfix.o
 .debug_aranges
                0x00000250      0x190 ./freertos/src/tasks.o
 .debug_aranges
                0x000003e0       0x80 ./example/src/cr_startup_lpc43xx.o
 .debug_aranges
                0x00000460       0x70 ./example/src/freertos_examples_10_to_16.o
 .debug_aranges
                0x000004d0       0x20 ./example/src/sysinit.o
 .debug_aranges
                0x000004f0      0x170 C:\Users\cmg-8\Documents\LPCXpresso_8.2.0_647\workspace-TP3\lpc_board_nxp_lpcxpresso_4337\Debug\liblpc_board_nxp_lpcxpresso_4337.a(board.o)
 .debug_aranges
                0x00000660       0x48 C:\Users\cmg-8\Documents\LPCXpresso_8.2.0_647\workspace-TP3\lpc_board_nxp_lpcxpresso_4337\Debug\liblpc_board_nxp_lpcxpresso_4337.a(board_sysinit.o)
 .debug_aranges
                0x000006a8       0x40 C:\Users\cmg-8\Documents\LPCXpresso_8.2.0_647\workspace-TP3\lpc_chip_43xx\Debug\liblpc_chip_43xx.a(chip_18xx_43xx.o)
 .debug_aranges
                0x000006e8      0x138 C:\Users\cmg-8\Documents\LPCXpresso_8.2.0_647\workspace-TP3\lpc_chip_43xx\Debug\liblpc_chip_43xx.a(clock_18xx_43xx.o)
 .debug_aranges
                0x00000820       0x20 C:\Users\cmg-8\Documents\LPCXpresso_8.2.0_647\workspace-TP3\lpc_chip_43xx\Debug\liblpc_chip_43xx.a(fpu_init.o)
 .debug_aranges
                0x00000840       0x68 C:\Users\cmg-8\Documents\LPCXpresso_8.2.0_647\workspace-TP3\lpc_chip_43xx\Debug\liblpc_chip_43xx.a(gpio_18xx_43xx.o)
 .debug_aranges
                0x000008a8       0x50 C:\Users\cmg-8\Documents\LPCXpresso_8.2.0_647\workspace-TP3\lpc_chip_43xx\Debug\liblpc_chip_43xx.a(sysinit_18xx_43xx.o)
 .debug_aranges
                0x000008f8      0x118 C:\Users\cmg-8\Documents\LPCXpresso_8.2.0_647\workspace-TP3\lpc_chip_43xx\Debug\liblpc_chip_43xx.a(uart_18xx_43xx.o)

.debug_ranges   0x00000000      0x920
 .debug_ranges  0x00000000       0x30 ./freertos/src/FreeRTOSCommonHooks.o
 .debug_ranges  0x00000030       0x18 ./freertos/src/heap_3.o
 .debug_ranges  0x00000048       0x30 ./freertos/src/list.o
 .debug_ranges  0x00000078       0x88 ./freertos/src/port.o
 .debug_ranges  0x00000100       0xe0 ./freertos/src/queue.o
 .debug_ranges  0x000001e0       0x10 ./freertos/src/redlib_memfix.o
 .debug_ranges  0x000001f0      0x180 ./freertos/src/tasks.o
 .debug_ranges  0x00000370       0x70 ./example/src/cr_startup_lpc43xx.o
 .debug_ranges  0x000003e0       0x60 ./example/src/freertos_examples_10_to_16.o
 .debug_ranges  0x00000440       0x10 ./example/src/sysinit.o
 .debug_ranges  0x00000450      0x160 C:\Users\cmg-8\Documents\LPCXpresso_8.2.0_647\workspace-TP3\lpc_board_nxp_lpcxpresso_4337\Debug\liblpc_board_nxp_lpcxpresso_4337.a(board.o)
 .debug_ranges  0x000005b0       0x38 C:\Users\cmg-8\Documents\LPCXpresso_8.2.0_647\workspace-TP3\lpc_board_nxp_lpcxpresso_4337\Debug\liblpc_board_nxp_lpcxpresso_4337.a(board_sysinit.o)
 .debug_ranges  0x000005e8       0x30 C:\Users\cmg-8\Documents\LPCXpresso_8.2.0_647\workspace-TP3\lpc_chip_43xx\Debug\liblpc_chip_43xx.a(chip_18xx_43xx.o)
 .debug_ranges  0x00000618      0x140 C:\Users\cmg-8\Documents\LPCXpresso_8.2.0_647\workspace-TP3\lpc_chip_43xx\Debug\liblpc_chip_43xx.a(clock_18xx_43xx.o)
 .debug_ranges  0x00000758       0x10 C:\Users\cmg-8\Documents\LPCXpresso_8.2.0_647\workspace-TP3\lpc_chip_43xx\Debug\liblpc_chip_43xx.a(fpu_init.o)
 .debug_ranges  0x00000768       0x58 C:\Users\cmg-8\Documents\LPCXpresso_8.2.0_647\workspace-TP3\lpc_chip_43xx\Debug\liblpc_chip_43xx.a(gpio_18xx_43xx.o)
 .debug_ranges  0x000007c0       0x40 C:\Users\cmg-8\Documents\LPCXpresso_8.2.0_647\workspace-TP3\lpc_chip_43xx\Debug\liblpc_chip_43xx.a(sysinit_18xx_43xx.o)
 .debug_ranges  0x00000800      0x120 C:\Users\cmg-8\Documents\LPCXpresso_8.2.0_647\workspace-TP3\lpc_chip_43xx\Debug\liblpc_chip_43xx.a(uart_18xx_43xx.o)

.debug_macro    0x00000000     0x90f8
 .debug_macro   0x00000000      0x39b ./freertos/src/FreeRTOSCommonHooks.o
 .debug_macro   0x0000039b      0x8aa ./freertos/src/FreeRTOSCommonHooks.o
 .debug_macro   0x00000c45       0x10 ./freertos/src/FreeRTOSCommonHooks.o
 .debug_macro   0x00000c55      0x12d ./freertos/src/FreeRTOSCommonHooks.o
 .debug_macro   0x00000d82       0x16 ./freertos/src/FreeRTOSCommonHooks.o
 .debug_macro   0x00000d98      0x5b2 ./freertos/src/FreeRTOSCommonHooks.o
 .debug_macro   0x0000134a       0x40 ./freertos/src/FreeRTOSCommonHooks.o
 .debug_macro   0x0000138a       0x10 ./freertos/src/FreeRTOSCommonHooks.o
 .debug_macro   0x0000139a       0x22 ./freertos/src/FreeRTOSCommonHooks.o
 .debug_macro   0x000013bc       0x74 ./freertos/src/FreeRTOSCommonHooks.o
 .debug_macro   0x00001430       0x28 ./freertos/src/FreeRTOSCommonHooks.o
 .debug_macro   0x00001458       0x3b ./freertos/src/FreeRTOSCommonHooks.o
 .debug_macro   0x00001493       0x2d ./freertos/src/FreeRTOSCommonHooks.o
 .debug_macro   0x000014c0       0x42 ./freertos/src/FreeRTOSCommonHooks.o
 .debug_macro   0x00001502      0xd39 ./freertos/src/FreeRTOSCommonHooks.o
 .debug_macro   0x0000223b      0x2bc ./freertos/src/FreeRTOSCommonHooks.o
 .debug_macro   0x000024f7      0x112 ./freertos/src/FreeRTOSCommonHooks.o
 .debug_macro   0x00002609       0x11 ./freertos/src/FreeRTOSCommonHooks.o
 .debug_macro   0x0000261a       0x2a ./freertos/src/FreeRTOSCommonHooks.o
 .debug_macro   0x00002644       0x16 ./freertos/src/FreeRTOSCommonHooks.o
 .debug_macro   0x0000265a      0x2e6 ./freertos/src/FreeRTOSCommonHooks.o
 .debug_macro   0x00002940       0x82 ./freertos/src/FreeRTOSCommonHooks.o
 .debug_macro   0x000029c2      0x13d ./freertos/src/FreeRTOSCommonHooks.o
 .debug_macro   0x00002aff      0x198 ./freertos/src/FreeRTOSCommonHooks.o
 .debug_macro   0x00002c97       0x34 ./freertos/src/FreeRTOSCommonHooks.o
 .debug_macro   0x00002ccb       0x58 ./freertos/src/FreeRTOSCommonHooks.o
 .debug_macro   0x00002d23      0x236 ./freertos/src/FreeRTOSCommonHooks.o
 .debug_macro   0x00002f59      0x572 ./freertos/src/FreeRTOSCommonHooks.o
 .debug_macro   0x000034cb       0x16 ./freertos/src/FreeRTOSCommonHooks.o
 .debug_macro   0x000034e1      0x18a ./freertos/src/FreeRTOSCommonHooks.o
 .debug_macro   0x0000366b       0x88 ./freertos/src/FreeRTOSCommonHooks.o
 .debug_macro   0x000036f3      0x1b9 ./freertos/src/FreeRTOSCommonHooks.o
 .debug_macro   0x000038ac      0x1da ./freertos/src/FreeRTOSCommonHooks.o
 .debug_macro   0x00003a86       0x40 ./freertos/src/FreeRTOSCommonHooks.o
 .debug_macro   0x00003ac6       0x1c ./freertos/src/FreeRTOSCommonHooks.o
 .debug_macro   0x00003ae2       0x2e ./freertos/src/FreeRTOSCommonHooks.o
 .debug_macro   0x00003b10       0x2e ./freertos/src/FreeRTOSCommonHooks.o
 .debug_macro   0x00003b3e       0x22 ./freertos/src/FreeRTOSCommonHooks.o
 .debug_macro   0x00003b60      0x201 ./freertos/src/FreeRTOSCommonHooks.o
 .debug_macro   0x00003d61       0xe0 ./freertos/src/FreeRTOSCommonHooks.o
 .debug_macro   0x00003e41      0x34c ./freertos/src/FreeRTOSCommonHooks.o
 .debug_macro   0x0000418d       0xdc ./freertos/src/FreeRTOSCommonHooks.o
 .debug_macro   0x00004269       0xc4 ./freertos/src/FreeRTOSCommonHooks.o
 .debug_macro   0x0000432d       0x94 ./freertos/src/FreeRTOSCommonHooks.o
 .debug_macro   0x000043c1       0xb8 ./freertos/src/FreeRTOSCommonHooks.o
 .debug_macro   0x00004479       0x4c ./freertos/src/FreeRTOSCommonHooks.o
 .debug_macro   0x000044c5       0x16 ./freertos/src/FreeRTOSCommonHooks.o
 .debug_macro   0x000044db      0x328 ./freertos/src/FreeRTOSCommonHooks.o
 .debug_macro   0x00004803       0x3a ./freertos/src/FreeRTOSCommonHooks.o
 .debug_macro   0x0000483d       0xd0 ./freertos/src/FreeRTOSCommonHooks.o
 .debug_macro   0x0000490d       0x11 ./freertos/src/FreeRTOSCommonHooks.o
 .debug_macro   0x0000491e       0x22 ./freertos/src/FreeRTOSCommonHooks.o
 .debug_macro   0x00004940       0x40 ./freertos/src/FreeRTOSCommonHooks.o
 .debug_macro   0x00004980      0x183 ./freertos/src/FreeRTOSCommonHooks.o
 .debug_macro   0x00004b03       0x9a ./freertos/src/FreeRTOSCommonHooks.o
 .debug_macro   0x00004b9d       0x20 ./freertos/src/FreeRTOSCommonHooks.o
 .debug_macro   0x00004bbd       0xef ./freertos/src/FreeRTOSCommonHooks.o
 .debug_macro   0x00004cac       0xaf ./freertos/src/FreeRTOSCommonHooks.o
 .debug_macro   0x00004d5b       0x12 ./freertos/src/FreeRTOSCommonHooks.o
 .debug_macro   0x00004d6d       0x1f ./freertos/src/FreeRTOSCommonHooks.o
 .debug_macro   0x00004d8c      0x35a ./freertos/src/FreeRTOSCommonHooks.o
 .debug_macro   0x000050e6       0x79 ./freertos/src/FreeRTOSCommonHooks.o
 .debug_macro   0x0000515f       0x69 ./freertos/src/FreeRTOSCommonHooks.o
 .debug_macro   0x000051c8      0x3ab ./freertos/src/heap_3.o
 .debug_macro   0x00005573      0x390 ./freertos/src/list.o
 .debug_macro   0x00005903      0x434 ./freertos/src/port.o
 .debug_macro   0x00005d37      0x3f9 ./freertos/src/queue.o
 .debug_macro   0x00006130       0xb0 ./freertos/src/queue.o
 .debug_macro   0x000061e0       0x17 ./freertos/src/redlib_memfix.o
 .debug_macro   0x000061f7      0x43c ./freertos/src/tasks.o
 .debug_macro   0x00006633       0x16 ./freertos/src/tasks.o
 .debug_macro   0x00006649       0x1d ./example/src/cr_startup_lpc43xx.o
 .debug_macro   0x00006666      0x419 ./example/src/freertos_examples_10_to_16.o
 .debug_macro   0x00006a7f       0x7b ./example/src/freertos_examples_10_to_16.o
 .debug_macro   0x00006afa       0x18 ./example/src/freertos_examples_10_to_16.o
 .debug_macro   0x00006b12       0x10 ./example/src/freertos_examples_10_to_16.o
 .debug_macro   0x00006b22       0xf5 ./example/src/freertos_examples_10_to_16.o
 .debug_macro   0x00006c17       0x7e ./example/src/freertos_examples_10_to_16.o
 .debug_macro   0x00006c95       0x1c ./example/src/freertos_examples_10_to_16.o
 .debug_macro   0x00006cb1      0x310 ./example/src/sysinit.o
 .debug_macro   0x00006fc1      0x336 C:\Users\cmg-8\Documents\LPCXpresso_8.2.0_647\workspace-TP3\lpc_board_nxp_lpcxpresso_4337\Debug\liblpc_board_nxp_lpcxpresso_4337.a(board.o)
 .debug_macro   0x000072f7      0x89e C:\Users\cmg-8\Documents\LPCXpresso_8.2.0_647\workspace-TP3\lpc_board_nxp_lpcxpresso_4337\Debug\liblpc_board_nxp_lpcxpresso_4337.a(board.o)
 .debug_macro   0x00007b95       0x12 C:\Users\cmg-8\Documents\LPCXpresso_8.2.0_647\workspace-TP3\lpc_board_nxp_lpcxpresso_4337\Debug\liblpc_board_nxp_lpcxpresso_4337.a(board.o)
 .debug_macro   0x00007ba7      0x339 C:\Users\cmg-8\Documents\LPCXpresso_8.2.0_647\workspace-TP3\lpc_board_nxp_lpcxpresso_4337\Debug\liblpc_board_nxp_lpcxpresso_4337.a(board.o)
 .debug_macro   0x00007ee0      0x310 C:\Users\cmg-8\Documents\LPCXpresso_8.2.0_647\workspace-TP3\lpc_board_nxp_lpcxpresso_4337\Debug\liblpc_board_nxp_lpcxpresso_4337.a(board_sysinit.o)
 .debug_macro   0x000081f0      0x2da C:\Users\cmg-8\Documents\LPCXpresso_8.2.0_647\workspace-TP3\lpc_chip_43xx\Debug\liblpc_chip_43xx.a(chip_18xx_43xx.o)
 .debug_macro   0x000084ca      0x2e0 C:\Users\cmg-8\Documents\LPCXpresso_8.2.0_647\workspace-TP3\lpc_chip_43xx\Debug\liblpc_chip_43xx.a(clock_18xx_43xx.o)
 .debug_macro   0x000087aa       0xc0 C:\Users\cmg-8\Documents\LPCXpresso_8.2.0_647\workspace-TP3\lpc_chip_43xx\Debug\liblpc_chip_43xx.a(fpu_init.o)
 .debug_macro   0x0000886a      0x2da C:\Users\cmg-8\Documents\LPCXpresso_8.2.0_647\workspace-TP3\lpc_chip_43xx\Debug\liblpc_chip_43xx.a(gpio_18xx_43xx.o)
 .debug_macro   0x00008b44      0x2da C:\Users\cmg-8\Documents\LPCXpresso_8.2.0_647\workspace-TP3\lpc_chip_43xx\Debug\liblpc_chip_43xx.a(sysinit_18xx_43xx.o)
 .debug_macro   0x00008e1e      0x2da C:\Users\cmg-8\Documents\LPCXpresso_8.2.0_647\workspace-TP3\lpc_chip_43xx\Debug\liblpc_chip_43xx.a(uart_18xx_43xx.o)

.debug_line     0x00000000     0x87bb
 .debug_line    0x00000000      0x837 ./freertos/src/FreeRTOSCommonHooks.o
 .debug_line    0x00000837      0x7dc ./freertos/src/heap_3.o
 .debug_line    0x00001013      0x828 ./freertos/src/list.o
 .debug_line    0x0000183b      0x928 ./freertos/src/port.o
 .debug_line    0x00002163      0xb4c ./freertos/src/queue.o
 .debug_line    0x00002caf       0x52 ./freertos/src/redlib_memfix.o
 .debug_line    0x00002d01      0xf94 ./freertos/src/tasks.o
 .debug_line    0x00003c95      0x102 ./example/src/cr_startup_lpc43xx.o
 .debug_line    0x00003d97      0x908 ./example/src/freertos_examples_10_to_16.o
 .debug_line    0x0000469f      0x674 ./example/src/sysinit.o
 .debug_line    0x00004d13      0xa70 C:\Users\cmg-8\Documents\LPCXpresso_8.2.0_647\workspace-TP3\lpc_board_nxp_lpcxpresso_4337\Debug\liblpc_board_nxp_lpcxpresso_4337.a(board.o)
 .debug_line    0x00005783      0x6fb C:\Users\cmg-8\Documents\LPCXpresso_8.2.0_647\workspace-TP3\lpc_board_nxp_lpcxpresso_4337\Debug\liblpc_board_nxp_lpcxpresso_4337.a(board_sysinit.o)
 .debug_line    0x00005e7e      0x654 C:\Users\cmg-8\Documents\LPCXpresso_8.2.0_647\workspace-TP3\lpc_chip_43xx\Debug\liblpc_chip_43xx.a(chip_18xx_43xx.o)
 .debug_line    0x000064d2      0xa51 C:\Users\cmg-8\Documents\LPCXpresso_8.2.0_647\workspace-TP3\lpc_chip_43xx\Debug\liblpc_chip_43xx.a(clock_18xx_43xx.o)
 .debug_line    0x00006f23      0x200 C:\Users\cmg-8\Documents\LPCXpresso_8.2.0_647\workspace-TP3\lpc_chip_43xx\Debug\liblpc_chip_43xx.a(fpu_init.o)
 .debug_line    0x00007123      0x6a5 C:\Users\cmg-8\Documents\LPCXpresso_8.2.0_647\workspace-TP3\lpc_chip_43xx\Debug\liblpc_chip_43xx.a(gpio_18xx_43xx.o)
 .debug_line    0x000077c8      0x6c2 C:\Users\cmg-8\Documents\LPCXpresso_8.2.0_647\workspace-TP3\lpc_chip_43xx\Debug\liblpc_chip_43xx.a(sysinit_18xx_43xx.o)
 .debug_line    0x00007e8a      0x931 C:\Users\cmg-8\Documents\LPCXpresso_8.2.0_647\workspace-TP3\lpc_chip_43xx\Debug\liblpc_chip_43xx.a(uart_18xx_43xx.o)

.debug_str      0x00000000    0x1f4a6
 .debug_str     0x00000000    0x18076 ./freertos/src/FreeRTOSCommonHooks.o
                              0x18198 (size before relaxing)
 .debug_str     0x00018076      0x103 ./freertos/src/heap_3.o
                              0x18185 (size before relaxing)
 .debug_str     0x00018179      0x139 ./freertos/src/list.o
                              0x17ea6 (size before relaxing)
 .debug_str     0x000182b2     0x11e1 ./freertos/src/port.o
                              0x192d9 (size before relaxing)
 .debug_str     0x00019493     0x10ed ./freertos/src/queue.o
                              0x19d6b (size before relaxing)
 .debug_str     0x0001a580       0x62 ./freertos/src/redlib_memfix.o
                               0x25ef (size before relaxing)
 .debug_str     0x0001a5e2     0x165e ./freertos/src/tasks.o
                              0x1a3ee (size before relaxing)
 .debug_str     0x0001bc40      0x1bb ./example/src/cr_startup_lpc43xx.o
                               0x2775 (size before relaxing)
 .debug_str     0x0001bdfb      0xe8c ./example/src/freertos_examples_10_to_16.o
                              0x1a46d (size before relaxing)
 .debug_str     0x0001cc87       0x23 ./example/src/sysinit.o
                              0x158df (size before relaxing)
 .debug_str     0x0001ccaa     0x1a4e C:\Users\cmg-8\Documents\LPCXpresso_8.2.0_647\workspace-TP3\lpc_board_nxp_lpcxpresso_4337\Debug\liblpc_board_nxp_lpcxpresso_4337.a(board.o)
                              0x17d72 (size before relaxing)
 .debug_str     0x0001e6f8      0x125 C:\Users\cmg-8\Documents\LPCXpresso_8.2.0_647\workspace-TP3\lpc_board_nxp_lpcxpresso_4337\Debug\liblpc_board_nxp_lpcxpresso_4337.a(board_sysinit.o)
                              0x16674 (size before relaxing)
 .debug_str     0x0001e81d       0xf1 C:\Users\cmg-8\Documents\LPCXpresso_8.2.0_647\workspace-TP3\lpc_chip_43xx\Debug\liblpc_chip_43xx.a(chip_18xx_43xx.o)
                              0x15dcc (size before relaxing)
 .debug_str     0x0001e90e      0x5e7 C:\Users\cmg-8\Documents\LPCXpresso_8.2.0_647\workspace-TP3\lpc_chip_43xx\Debug\liblpc_chip_43xx.a(clock_18xx_43xx.o)
                              0x1634f (size before relaxing)
 .debug_str     0x0001eef5       0xb5 C:\Users\cmg-8\Documents\LPCXpresso_8.2.0_647\workspace-TP3\lpc_chip_43xx\Debug\liblpc_chip_43xx.a(fpu_init.o)
                               0x9965 (size before relaxing)
 .debug_str     0x0001efaa       0xe4 C:\Users\cmg-8\Documents\LPCXpresso_8.2.0_647\workspace-TP3\lpc_chip_43xx\Debug\liblpc_chip_43xx.a(gpio_18xx_43xx.o)
                              0x151ce (size before relaxing)
 .debug_str     0x0001f08e       0xb4 C:\Users\cmg-8\Documents\LPCXpresso_8.2.0_647\workspace-TP3\lpc_chip_43xx\Debug\liblpc_chip_43xx.a(sysinit_18xx_43xx.o)
                              0x15d9b (size before relaxing)
 .debug_str     0x0001f142      0x364 C:\Users\cmg-8\Documents\LPCXpresso_8.2.0_647\workspace-TP3\lpc_chip_43xx\Debug\liblpc_chip_43xx.a(uart_18xx_43xx.o)
                              0x15eff (size before relaxing)

.comment        0x00000000       0xdc
 .comment       0x00000000       0x6e ./freertos/src/FreeRTOSCommonHooks.o
                                 0x6f (size before relaxing)
 .comment       0x0000006e       0x6f ./freertos/src/heap_3.o
 .comment       0x0000006e       0x6f ./freertos/src/list.o
 .comment       0x0000006e       0x6f ./freertos/src/port.o
 .comment       0x0000006e       0x6f ./freertos/src/queue.o
 .comment       0x0000006e       0x6f ./freertos/src/redlib_memfix.o
 .comment       0x0000006e       0x6f ./freertos/src/tasks.o
 .comment       0x0000006e       0x6f ./example/src/cr_startup_lpc43xx.o
 .comment       0x0000006e       0x6f ./example/src/freertos_examples_10_to_16.o
 .comment       0x0000006e       0x6f ./example/src/sysinit.o
 .comment       0x0000006e       0x6f C:\Users\cmg-8\Documents\LPCXpresso_8.2.0_647\workspace-TP3\lpc_board_nxp_lpcxpresso_4337\Debug\liblpc_board_nxp_lpcxpresso_4337.a(board.o)
 .comment       0x0000006e       0x6f C:\Users\cmg-8\Documents\LPCXpresso_8.2.0_647\workspace-TP3\lpc_board_nxp_lpcxpresso_4337\Debug\liblpc_board_nxp_lpcxpresso_4337.a(board_sysinit.o)
 .comment       0x0000006e       0x6f C:\Users\cmg-8\Documents\LPCXpresso_8.2.0_647\workspace-TP3\lpc_chip_43xx\Debug\liblpc_chip_43xx.a(chip_18xx_43xx.o)
 .comment       0x0000006e       0x6f C:\Users\cmg-8\Documents\LPCXpresso_8.2.0_647\workspace-TP3\lpc_chip_43xx\Debug\liblpc_chip_43xx.a(clock_18xx_43xx.o)
 .comment       0x0000006e       0x6f C:\Users\cmg-8\Documents\LPCXpresso_8.2.0_647\workspace-TP3\lpc_chip_43xx\Debug\liblpc_chip_43xx.a(fpu_init.o)
 .comment       0x0000006e       0x6f C:\Users\cmg-8\Documents\LPCXpresso_8.2.0_647\workspace-TP3\lpc_chip_43xx\Debug\liblpc_chip_43xx.a(gpio_18xx_43xx.o)
 .comment       0x0000006e       0x6f C:\Users\cmg-8\Documents\LPCXpresso_8.2.0_647\workspace-TP3\lpc_chip_43xx\Debug\liblpc_chip_43xx.a(sysinit_18xx_43xx.o)
 .comment       0x0000006e       0x6f C:\Users\cmg-8\Documents\LPCXpresso_8.2.0_647\workspace-TP3\lpc_chip_43xx\Debug\liblpc_chip_43xx.a(uart_18xx_43xx.o)
 .comment       0x0000006e       0x6e c:/nxp/lpcxpresso_8.2.0_647/lpcxpresso/tools/bin/../lib/gcc/arm-none-eabi/5.3.1/../../../../arm-none-eabi/lib/armv7e-m/softfp\libcr_nohost.a(_cr__main.o)
                                 0x6f (size before relaxing)
 .comment       0x000000dc       0x6f c:/nxp/lpcxpresso_8.2.0_647/lpcxpresso/tools/bin/../lib/gcc/arm-none-eabi/5.3.1/../../../../arm-none-eabi/lib/armv7e-m/softfp\libcr_c.a(memcpy.o)
 .comment       0x000000dc       0x6f c:/nxp/lpcxpresso_8.2.0_647/lpcxpresso/tools/bin/../lib/gcc/arm-none-eabi/5.3.1/../../../../arm-none-eabi/lib/armv7e-m/softfp\libcr_c.a(memset.o)
 .comment       0x000000dc       0x6f c:/nxp/lpcxpresso_8.2.0_647/lpcxpresso/tools/bin/../lib/gcc/arm-none-eabi/5.3.1/../../../../arm-none-eabi/lib/armv7e-m/softfp\libcr_c.a(alloc.o)
 .comment       0x000000dc       0x6f c:/nxp/lpcxpresso_8.2.0_647/lpcxpresso/tools/bin/../lib/gcc/arm-none-eabi/5.3.1/../../../../arm-none-eabi/lib/armv7e-m/softfp\libcr_c.a(fpprintf.o)
 .comment       0x000000dc       0x6f c:/nxp/lpcxpresso_8.2.0_647/lpcxpresso/tools/bin/../lib/gcc/arm-none-eabi/5.3.1/../../../../arm-none-eabi/lib/armv7e-m/softfp\libcr_c.a(initio.o)
 .comment       0x000000dc       0x6f c:/nxp/lpcxpresso_8.2.0_647/lpcxpresso/tools/bin/../lib/gcc/arm-none-eabi/5.3.1/../../../../arm-none-eabi/lib/armv7e-m/softfp\libcr_c.a(printf.o)
 .comment       0x000000dc       0x6f c:/nxp/lpcxpresso_8.2.0_647/lpcxpresso/tools/bin/../lib/gcc/arm-none-eabi/5.3.1/../../../../arm-none-eabi/lib/armv7e-m/softfp\libcr_c.a(setvbuf.o)
 .comment       0x000000dc       0x6f c:/nxp/lpcxpresso_8.2.0_647/lpcxpresso/tools/bin/../lib/gcc/arm-none-eabi/5.3.1/../../../../arm-none-eabi/lib/armv7e-m/softfp\libcr_c.a(stdio.o)
 .comment       0x000000dc       0x6f c:/nxp/lpcxpresso_8.2.0_647/lpcxpresso/tools/bin/../lib/gcc/arm-none-eabi/5.3.1/../../../../arm-none-eabi/lib/armv7e-m/softfp\libcr_c.a(strlen.o)
 .comment       0x000000dc       0x6f c:/nxp/lpcxpresso_8.2.0_647/lpcxpresso/tools/bin/../lib/gcc/arm-none-eabi/5.3.1/../../../../arm-none-eabi/lib/armv7e-m/softfp\libcr_c.a(__init_alloc.o)
 .comment       0x000000dc       0x6f c:/nxp/lpcxpresso_8.2.0_647/lpcxpresso/tools/bin/../lib/gcc/arm-none-eabi/5.3.1/../../../../arm-none-eabi/lib/armv7e-m/softfp\libcr_c.a(_cr_sbrk.o)
 .comment       0x000000dc       0x6f c:/nxp/lpcxpresso_8.2.0_647/lpcxpresso/tools/bin/../lib/gcc/arm-none-eabi/5.3.1/../../../../arm-none-eabi/lib/armv7e-m/softfp\libcr_c.a(_deferredlazyseek.o)
 .comment       0x000000dc       0x6f c:/nxp/lpcxpresso_8.2.0_647/lpcxpresso/tools/bin/../lib/gcc/arm-none-eabi/5.3.1/../../../../arm-none-eabi/lib/armv7e-m/softfp\libcr_c.a(_fdopen.o)
 .comment       0x000000dc       0x6f c:/nxp/lpcxpresso_8.2.0_647/lpcxpresso/tools/bin/../lib/gcc/arm-none-eabi/5.3.1/../../../../arm-none-eabi/lib/armv7e-m/softfp\libcr_c.a(_fflush.o)
 .comment       0x000000dc       0x6f c:/nxp/lpcxpresso_8.2.0_647/lpcxpresso/tools/bin/../lib/gcc/arm-none-eabi/5.3.1/../../../../arm-none-eabi/lib/armv7e-m/softfp\libcr_c.a(_frexpl.o)
 .comment       0x000000dc       0x6f c:/nxp/lpcxpresso_8.2.0_647/lpcxpresso/tools/bin/../lib/gcc/arm-none-eabi/5.3.1/../../../../arm-none-eabi/lib/armv7e-m/softfp\libcr_c.a(_ldexpl.o)
 .comment       0x000000dc       0x6f c:/nxp/lpcxpresso_8.2.0_647/lpcxpresso/tools/bin/../lib/gcc/arm-none-eabi/5.3.1/../../../../arm-none-eabi/lib/armv7e-m/softfp\libcr_c.a(_writebuf.o)
 .comment       0x000000dc       0x6f c:/nxp/lpcxpresso_8.2.0_647/lpcxpresso/tools/bin/../lib/gcc/arm-none-eabi/5.3.1/../../../../arm-none-eabi/lib/armv7e-m/softfp\libcr_c.a(errno.o)
 .comment       0x000000dc       0x6f c:/nxp/lpcxpresso_8.2.0_647/lpcxpresso/tools/bin/../lib/gcc/arm-none-eabi/5.3.1/../../../../arm-none-eabi/lib/armv7e-m/softfp\libcr_c.a(fclose.o)
 .comment       0x000000dc       0x6f c:/nxp/lpcxpresso_8.2.0_647/lpcxpresso/tools/bin/../lib/gcc/arm-none-eabi/5.3.1/../../../../arm-none-eabi/lib/armv7e-m/softfp\libcr_c.a(fflush.o)
 .comment       0x000000dc       0x6f c:/nxp/lpcxpresso_8.2.0_647/lpcxpresso/tools/bin/../lib/gcc/arm-none-eabi/5.3.1/../../../../arm-none-eabi/lib/armv7e-m/softfp\libcr_c.a(fseek.o)
 .comment       0x000000dc       0x6f c:/nxp/lpcxpresso_8.2.0_647/lpcxpresso/tools/bin/../lib/gcc/arm-none-eabi/5.3.1/../../../../arm-none-eabi/lib/armv7e-m/softfp\libcr_c.a(ftell.o)
 .comment       0x000000dc       0x6f c:/nxp/lpcxpresso_8.2.0_647/lpcxpresso/tools/bin/../lib/gcc/arm-none-eabi/5.3.1/../../../../arm-none-eabi/lib/armv7e-m/softfp\libcr_c.a(remove.o)
 .comment       0x000000dc       0x6f c:/nxp/lpcxpresso_8.2.0_647/lpcxpresso/tools/bin/../lib/gcc/arm-none-eabi/5.3.1/../../../../arm-none-eabi/lib/armv7e-m/softfp\libcr_c.a(_do_fflush.o)
 .comment       0x000000dc       0x6f c:/nxp/lpcxpresso_8.2.0_647/lpcxpresso/tools/bin/../lib/gcc/arm-none-eabi/5.3.1/../../../../arm-none-eabi/lib/armv7e-m/softfp\libcr_c.a(_hugeval.o)
 .comment       0x000000dc       0x6f c:/nxp/lpcxpresso_8.2.0_647/lpcxpresso/tools/bin/../lib/gcc/arm-none-eabi/5.3.1/armv7e-m/softfp\libcr_eabihelpers.a(double.o)
 .comment       0x000000dc       0x6f c:/nxp/lpcxpresso_8.2.0_647/lpcxpresso/tools/bin/../lib/gcc/arm-none-eabi/5.3.1/../../../../arm-none-eabi/lib/armv7e-m/softfp\libcr_nohost.a(__sys_appexit.o)
 .comment       0x000000dc       0x6f c:/nxp/lpcxpresso_8.2.0_647/lpcxpresso/tools/bin/../lib/gcc/arm-none-eabi/5.3.1/../../../../arm-none-eabi/lib/armv7e-m/softfp\libcr_nohost.a(__sys_close.o)
 .comment       0x000000dc       0x6f c:/nxp/lpcxpresso_8.2.0_647/lpcxpresso/tools/bin/../lib/gcc/arm-none-eabi/5.3.1/../../../../arm-none-eabi/lib/armv7e-m/softfp\libcr_nohost.a(__sys_flen.o)
 .comment       0x000000dc       0x6f c:/nxp/lpcxpresso_8.2.0_647/lpcxpresso/tools/bin/../lib/gcc/arm-none-eabi/5.3.1/../../../../arm-none-eabi/lib/armv7e-m/softfp\libcr_nohost.a(__sys_istty.o)
 .comment       0x000000dc       0x6f c:/nxp/lpcxpresso_8.2.0_647/lpcxpresso/tools/bin/../lib/gcc/arm-none-eabi/5.3.1/../../../../arm-none-eabi/lib/armv7e-m/softfp\libcr_nohost.a(__sys_remove.o)
 .comment       0x000000dc       0x6f c:/nxp/lpcxpresso_8.2.0_647/lpcxpresso/tools/bin/../lib/gcc/arm-none-eabi/5.3.1/../../../../arm-none-eabi/lib/armv7e-m/softfp\libcr_nohost.a(__sys_seek.o)
 .comment       0x000000dc       0x6f c:/nxp/lpcxpresso_8.2.0_647/lpcxpresso/tools/bin/../lib/gcc/arm-none-eabi/5.3.1/../../../../arm-none-eabi/lib/armv7e-m/softfp\libcr_nohost.a(__sys_tmpnam.o)

.ARM.attributes
                0x00000000       0x35
 .ARM.attributes
                0x00000000       0x37 ./freertos/src/FreeRTOSCommonHooks.o
 .ARM.attributes
                0x00000037       0x37 ./freertos/src/heap_3.o
 .ARM.attributes
                0x0000006e       0x37 ./freertos/src/list.o
 .ARM.attributes
                0x000000a5       0x37 ./freertos/src/port.o
 .ARM.attributes
                0x000000dc       0x37 ./freertos/src/queue.o
 .ARM.attributes
                0x00000113       0x37 ./freertos/src/redlib_memfix.o
 .ARM.attributes
                0x0000014a       0x37 ./freertos/src/tasks.o
 .ARM.attributes
                0x00000181       0x37 ./example/src/cr_startup_lpc43xx.o
 .ARM.attributes
                0x000001b8       0x37 ./example/src/freertos_examples_10_to_16.o
 .ARM.attributes
                0x000001ef       0x37 ./example/src/sysinit.o
 .ARM.attributes
                0x00000226       0x37 C:\Users\cmg-8\Documents\LPCXpresso_8.2.0_647\workspace-TP3\lpc_board_nxp_lpcxpresso_4337\Debug\liblpc_board_nxp_lpcxpresso_4337.a(board.o)
 .ARM.attributes
                0x0000025d       0x37 C:\Users\cmg-8\Documents\LPCXpresso_8.2.0_647\workspace-TP3\lpc_board_nxp_lpcxpresso_4337\Debug\liblpc_board_nxp_lpcxpresso_4337.a(board_sysinit.o)
 .ARM.attributes
                0x00000294       0x37 C:\Users\cmg-8\Documents\LPCXpresso_8.2.0_647\workspace-TP3\lpc_chip_43xx\Debug\liblpc_chip_43xx.a(chip_18xx_43xx.o)
 .ARM.attributes
                0x000002cb       0x37 C:\Users\cmg-8\Documents\LPCXpresso_8.2.0_647\workspace-TP3\lpc_chip_43xx\Debug\liblpc_chip_43xx.a(clock_18xx_43xx.o)
 .ARM.attributes
                0x00000302       0x37 C:\Users\cmg-8\Documents\LPCXpresso_8.2.0_647\workspace-TP3\lpc_chip_43xx\Debug\liblpc_chip_43xx.a(fpu_init.o)
 .ARM.attributes
                0x00000339       0x37 C:\Users\cmg-8\Documents\LPCXpresso_8.2.0_647\workspace-TP3\lpc_chip_43xx\Debug\liblpc_chip_43xx.a(gpio_18xx_43xx.o)
 .ARM.attributes
                0x00000370       0x37 C:\Users\cmg-8\Documents\LPCXpresso_8.2.0_647\workspace-TP3\lpc_chip_43xx\Debug\liblpc_chip_43xx.a(sysinit_18xx_43xx.o)
 .ARM.attributes
                0x000003a7       0x37 C:\Users\cmg-8\Documents\LPCXpresso_8.2.0_647\workspace-TP3\lpc_chip_43xx\Debug\liblpc_chip_43xx.a(uart_18xx_43xx.o)
 .ARM.attributes
                0x000003de       0x37 c:/nxp/lpcxpresso_8.2.0_647/lpcxpresso/tools/bin/../lib/gcc/arm-none-eabi/5.3.1/../../../../arm-none-eabi/lib/armv7e-m/softfp\libcr_nohost.a(_cr__main.o)
 .ARM.attributes
                0x00000415       0x37 c:/nxp/lpcxpresso_8.2.0_647/lpcxpresso/tools/bin/../lib/gcc/arm-none-eabi/5.3.1/../../../../arm-none-eabi/lib/armv7e-m/softfp\libcr_c.a(memcpy.o)
 .ARM.attributes
                0x0000044c       0x37 c:/nxp/lpcxpresso_8.2.0_647/lpcxpresso/tools/bin/../lib/gcc/arm-none-eabi/5.3.1/../../../../arm-none-eabi/lib/armv7e-m/softfp\libcr_c.a(memset.o)
 .ARM.attributes
                0x00000483       0x37 c:/nxp/lpcxpresso_8.2.0_647/lpcxpresso/tools/bin/../lib/gcc/arm-none-eabi/5.3.1/../../../../arm-none-eabi/lib/armv7e-m/softfp\libcr_c.a(alloc.o)
 .ARM.attributes
                0x000004ba       0x37 c:/nxp/lpcxpresso_8.2.0_647/lpcxpresso/tools/bin/../lib/gcc/arm-none-eabi/5.3.1/../../../../arm-none-eabi/lib/armv7e-m/softfp\libcr_c.a(fpprintf.o)
 .ARM.attributes
                0x000004f1       0x37 c:/nxp/lpcxpresso_8.2.0_647/lpcxpresso/tools/bin/../lib/gcc/arm-none-eabi/5.3.1/../../../../arm-none-eabi/lib/armv7e-m/softfp\libcr_c.a(initio.o)
 .ARM.attributes
                0x00000528       0x37 c:/nxp/lpcxpresso_8.2.0_647/lpcxpresso/tools/bin/../lib/gcc/arm-none-eabi/5.3.1/../../../../arm-none-eabi/lib/armv7e-m/softfp\libcr_c.a(printf.o)
 .ARM.attributes
                0x0000055f       0x37 c:/nxp/lpcxpresso_8.2.0_647/lpcxpresso/tools/bin/../lib/gcc/arm-none-eabi/5.3.1/../../../../arm-none-eabi/lib/armv7e-m/softfp\libcr_c.a(setvbuf.o)
 .ARM.attributes
                0x00000596       0x37 c:/nxp/lpcxpresso_8.2.0_647/lpcxpresso/tools/bin/../lib/gcc/arm-none-eabi/5.3.1/../../../../arm-none-eabi/lib/armv7e-m/softfp\libcr_c.a(stdio.o)
 .ARM.attributes
                0x000005cd       0x37 c:/nxp/lpcxpresso_8.2.0_647/lpcxpresso/tools/bin/../lib/gcc/arm-none-eabi/5.3.1/../../../../arm-none-eabi/lib/armv7e-m/softfp\libcr_c.a(strlen.o)
 .ARM.attributes
                0x00000604       0x37 c:/nxp/lpcxpresso_8.2.0_647/lpcxpresso/tools/bin/../lib/gcc/arm-none-eabi/5.3.1/../../../../arm-none-eabi/lib/armv7e-m/softfp\libcr_c.a(__init_alloc.o)
 .ARM.attributes
                0x0000063b       0x37 c:/nxp/lpcxpresso_8.2.0_647/lpcxpresso/tools/bin/../lib/gcc/arm-none-eabi/5.3.1/../../../../arm-none-eabi/lib/armv7e-m/softfp\libcr_c.a(_cr_sbrk.o)
 .ARM.attributes
                0x00000672       0x37 c:/nxp/lpcxpresso_8.2.0_647/lpcxpresso/tools/bin/../lib/gcc/arm-none-eabi/5.3.1/../../../../arm-none-eabi/lib/armv7e-m/softfp\libcr_c.a(_deferredlazyseek.o)
 .ARM.attributes
                0x000006a9       0x37 c:/nxp/lpcxpresso_8.2.0_647/lpcxpresso/tools/bin/../lib/gcc/arm-none-eabi/5.3.1/../../../../arm-none-eabi/lib/armv7e-m/softfp\libcr_c.a(_fdopen.o)
 .ARM.attributes
                0x000006e0       0x37 c:/nxp/lpcxpresso_8.2.0_647/lpcxpresso/tools/bin/../lib/gcc/arm-none-eabi/5.3.1/../../../../arm-none-eabi/lib/armv7e-m/softfp\libcr_c.a(_fflush.o)
 .ARM.attributes
                0x00000717       0x37 c:/nxp/lpcxpresso_8.2.0_647/lpcxpresso/tools/bin/../lib/gcc/arm-none-eabi/5.3.1/../../../../arm-none-eabi/lib/armv7e-m/softfp\libcr_c.a(_frexpl.o)
 .ARM.attributes
                0x0000074e       0x37 c:/nxp/lpcxpresso_8.2.0_647/lpcxpresso/tools/bin/../lib/gcc/arm-none-eabi/5.3.1/../../../../arm-none-eabi/lib/armv7e-m/softfp\libcr_c.a(_ldexpl.o)
 .ARM.attributes
                0x00000785       0x37 c:/nxp/lpcxpresso_8.2.0_647/lpcxpresso/tools/bin/../lib/gcc/arm-none-eabi/5.3.1/../../../../arm-none-eabi/lib/armv7e-m/softfp\libcr_c.a(_writebuf.o)
 .ARM.attributes
                0x000007bc       0x37 c:/nxp/lpcxpresso_8.2.0_647/lpcxpresso/tools/bin/../lib/gcc/arm-none-eabi/5.3.1/../../../../arm-none-eabi/lib/armv7e-m/softfp\libcr_c.a(errno.o)
 .ARM.attributes
                0x000007f3       0x37 c:/nxp/lpcxpresso_8.2.0_647/lpcxpresso/tools/bin/../lib/gcc/arm-none-eabi/5.3.1/../../../../arm-none-eabi/lib/armv7e-m/softfp\libcr_c.a(fclose.o)
 .ARM.attributes
                0x0000082a       0x37 c:/nxp/lpcxpresso_8.2.0_647/lpcxpresso/tools/bin/../lib/gcc/arm-none-eabi/5.3.1/../../../../arm-none-eabi/lib/armv7e-m/softfp\libcr_c.a(fflush.o)
 .ARM.attributes
                0x00000861       0x37 c:/nxp/lpcxpresso_8.2.0_647/lpcxpresso/tools/bin/../lib/gcc/arm-none-eabi/5.3.1/../../../../arm-none-eabi/lib/armv7e-m/softfp\libcr_c.a(fseek.o)
 .ARM.attributes
                0x00000898       0x37 c:/nxp/lpcxpresso_8.2.0_647/lpcxpresso/tools/bin/../lib/gcc/arm-none-eabi/5.3.1/../../../../arm-none-eabi/lib/armv7e-m/softfp\libcr_c.a(ftell.o)
 .ARM.attributes