20:05:29 **** Incremental Build of configuration Debug for project freertos_examples_10_to_16 ****
make -r all 
Building file: ../example/src/freertos_examples_10_to_16.c
Invoking: MCU C Compiler
arm-none-eabi-gcc -DDEBUG -D__CODE_RED -D__USE_LPCOPEN -D__REDLIB__ -DCORE_M4 -D__MULTICORE_NONE -I"C:\Users\cmg-8\Documents\LPCXpresso_8.2.0_647\workspace-TP3\lpc_chip_43xx\inc" -I"C:\Users\cmg-8\Documents\LPCXpresso_8.2.0_647\workspace-TP3\lpc_board_nxp_lpcxpresso_4337\inc" -I"C:\Users\cmg-8\Documents\LPCXpresso_8.2.0_647\workspace-TP3\freertos_examples_10_to_16\example\inc" -I"C:\Users\cmg-8\Documents\LPCXpresso_8.2.0_647\workspace-TP3\freertos_examples_10_to_16\freertos\inc" -O0 -g3 -Wall -c -fmessage-length=0 -fno-builtin -ffunction-sections -fdata-sections -fsingle-precision-constant -mcpu=cortex-m4 -mfpu=fpv4-sp-d16 -mfloat-abi=softfp -mthumb -D__REDLIB__ -specs=redlib.specs -MMD -MP -MF"example/src/freertos_examples_10_to_16.d" -MT"example/src/freertos_examples_10_to_16.o" -MT"example/src/freertos_examples_10_to_16.d" -o "example/src/freertos_examples_10_to_16.o" "../example/src/freertos_examples_10_to_16.c"
Finished building: ../example/src/freertos_examples_10_to_16.c
 
Building target: freertos_examples_10_to_16.axf
Invoking: MCU Linker
arm-none-eabi-gcc -nostdlib -L"C:\Users\cmg-8\Documents\LPCXpresso_8.2.0_647\workspace-TP3\lpc_chip_43xx\Debug" -L"C:\Users\cmg-8\Documents\LPCXpresso_8.2.0_647\workspace-TP3\lpc_board_nxp_lpcxpresso_4337\Debug" -Xlinker -Map="freertos_examples_10_to_16.map" -Xlinker --gc-sections -mcpu=cortex-m4 -mfpu=fpv4-sp-d16 -mfloat-abi=softfp -mthumb -T "freertos_examples_10_to_16_Debug.ld" -o "freertos_examples_10_to_16.axf"  ./freertos/src/FreeRTOSCommonHooks.o ./freertos/src/croutine.o ./freertos/src/event_groups.o ./freertos/src/heap_3.o ./freertos/src/list.o ./freertos/src/port.o ./freertos/src/queue.o ./freertos/src/redlib_memfix.o ./freertos/src/tasks.o ./freertos/src/timers.o  ./example/src/cr_startup_lpc43xx.o ./example/src/freertos_examples_10_to_16.o ./example/src/sysinit.o   -llpc_board_nxp_lpcxpresso_4337 -llpc_chip_43xx
Finished building target: freertos_examples_10_to_16.axf
 
make --no-print-directory post-build
Performing post-build steps
arm-none-eabi-size "freertos_examples_10_to_16.axf"; # arm-none-eabi-objcopy -v -O binary "freertos_examples_10_to_16.axf" "freertos_examples_10_to_16.bin" ; # checksum -p LPC4337 -d "freertos_examples_10_to_16.bin";
   text	   data	    bss	    dec	    hex	filename
  24224	     16	    680	  24920	   6158	freertos_examples_10_to_16.axf
 

20:05:30 Build Finished (took 1s.7ms)

